Archive member included to satisfy reference by file (symbol)

c:/users/lenovo/appdata/roaming/xpacks/@xpack-dev-tools/arm-none-eabi-gcc/12.2.1-1.2.1/.content/bin/../lib/gcc/arm-none-eabi/12.2.1/thumb/v7e-m+fp/softfp\libgcc.a(_aeabi_uldivmod.o)
                              system\src\stm32f4-hal\stm32f4xx_hal_rcc.o (__aeabi_uldivmod)
c:/users/lenovo/appdata/roaming/xpacks/@xpack-dev-tools/arm-none-eabi-gcc/12.2.1-1.2.1/.content/bin/../lib/gcc/arm-none-eabi/12.2.1/thumb/v7e-m+fp/softfp\libgcc.a(_udivmoddi4.o)
                              c:/users/lenovo/appdata/roaming/xpacks/@xpack-dev-tools/arm-none-eabi-gcc/12.2.1-1.2.1/.content/bin/../lib/gcc/arm-none-eabi/12.2.1/thumb/v7e-m+fp/softfp\libgcc.a(_aeabi_uldivmod.o) (__udivmoddi4)
c:/users/lenovo/appdata/roaming/xpacks/@xpack-dev-tools/arm-none-eabi-gcc/12.2.1-1.2.1/.content/bin/../lib/gcc/arm-none-eabi/12.2.1/thumb/v7e-m+fp/softfp\libgcc.a(_dvmd_tls.o)
                              c:/users/lenovo/appdata/roaming/xpacks/@xpack-dev-tools/arm-none-eabi-gcc/12.2.1-1.2.1/.content/bin/../lib/gcc/arm-none-eabi/12.2.1/thumb/v7e-m+fp/softfp\libgcc.a(_aeabi_uldivmod.o) (__aeabi_ldiv0)
c:/users/lenovo/appdata/roaming/xpacks/@xpack-dev-tools/arm-none-eabi-gcc/12.2.1-1.2.1/.content/bin/../lib/gcc/arm-none-eabi/12.2.1/../../../../arm-none-eabi/lib/thumb/v7e-m+fp/softfp\libg_nano.a(libc_a-ctype_.o)
                              system\src\newlib\syscalls.o (_ctype_)
c:/users/lenovo/appdata/roaming/xpacks/@xpack-dev-tools/arm-none-eabi-gcc/12.2.1-1.2.1/.content/bin/../lib/gcc/arm-none-eabi/12.2.1/../../../../arm-none-eabi/lib/thumb/v7e-m+fp/softfp\libg_nano.a(libc_a-vsnprintf.o)
                              system\src\diag\trace.o (vsnprintf)
c:/users/lenovo/appdata/roaming/xpacks/@xpack-dev-tools/arm-none-eabi-gcc/12.2.1-1.2.1/.content/bin/../lib/gcc/arm-none-eabi/12.2.1/../../../../arm-none-eabi/lib/thumb/v7e-m+fp/softfp\libg_nano.a(libc_a-memset.o)
                              FreeRTOS Source\tasks.o (memset)
c:/users/lenovo/appdata/roaming/xpacks/@xpack-dev-tools/arm-none-eabi-gcc/12.2.1-1.2.1/.content/bin/../lib/gcc/arm-none-eabi/12.2.1/../../../../arm-none-eabi/lib/thumb/v7e-m+fp/softfp\libg_nano.a(libc_a-strncpy.o)
                              system\src\newlib\syscalls.o (strncpy)
c:/users/lenovo/appdata/roaming/xpacks/@xpack-dev-tools/arm-none-eabi-gcc/12.2.1-1.2.1/.content/bin/../lib/gcc/arm-none-eabi/12.2.1/../../../../arm-none-eabi/lib/thumb/v7e-m+fp/softfp\libg_nano.a(libc_a-impure.o)
                              c:/users/lenovo/appdata/roaming/xpacks/@xpack-dev-tools/arm-none-eabi-gcc/12.2.1-1.2.1/.content/bin/../lib/gcc/arm-none-eabi/12.2.1/../../../../arm-none-eabi/lib/thumb/v7e-m+fp/softfp\libg_nano.a(libc_a-vsnprintf.o) (_impure_ptr)
c:/users/lenovo/appdata/roaming/xpacks/@xpack-dev-tools/arm-none-eabi-gcc/12.2.1-1.2.1/.content/bin/../lib/gcc/arm-none-eabi/12.2.1/../../../../arm-none-eabi/lib/thumb/v7e-m+fp/softfp\libg_nano.a(libc_a-errno.o)
                              system\src\newlib\sbrk.o (__errno)
c:/users/lenovo/appdata/roaming/xpacks/@xpack-dev-tools/arm-none-eabi-gcc/12.2.1-1.2.1/.content/bin/../lib/gcc/arm-none-eabi/12.2.1/../../../../arm-none-eabi/lib/thumb/v7e-m+fp/softfp\libg_nano.a(libc_a-strcmp.o)
                              system\src\cortexm\exception-handlers.o (strcmp)
c:/users/lenovo/appdata/roaming/xpacks/@xpack-dev-tools/arm-none-eabi-gcc/12.2.1-1.2.1/.content/bin/../lib/gcc/arm-none-eabi/12.2.1/../../../../arm-none-eabi/lib/thumb/v7e-m+fp/softfp\libg_nano.a(libc_a-memcpy-stub.o)
                              FreeRTOS Source\queue.o (memcpy)
c:/users/lenovo/appdata/roaming/xpacks/@xpack-dev-tools/arm-none-eabi-gcc/12.2.1-1.2.1/.content/bin/../lib/gcc/arm-none-eabi/12.2.1/../../../../arm-none-eabi/lib/thumb/v7e-m+fp/softfp\libg_nano.a(libc_a-strlen.o)
                              system\src\diag\trace.o (strlen)
c:/users/lenovo/appdata/roaming/xpacks/@xpack-dev-tools/arm-none-eabi-gcc/12.2.1-1.2.1/.content/bin/../lib/gcc/arm-none-eabi/12.2.1/../../../../arm-none-eabi/lib/thumb/v7e-m+fp/softfp\libg_nano.a(libc_a-nano-svfprintf.o)
                              c:/users/lenovo/appdata/roaming/xpacks/@xpack-dev-tools/arm-none-eabi-gcc/12.2.1-1.2.1/.content/bin/../lib/gcc/arm-none-eabi/12.2.1/../../../../arm-none-eabi/lib/thumb/v7e-m+fp/softfp\libg_nano.a(libc_a-vsnprintf.o) (_svfprintf_r)
c:/users/lenovo/appdata/roaming/xpacks/@xpack-dev-tools/arm-none-eabi-gcc/12.2.1-1.2.1/.content/bin/../lib/gcc/arm-none-eabi/12.2.1/../../../../arm-none-eabi/lib/thumb/v7e-m+fp/softfp\libg_nano.a(libc_a-nano-vfprintf_i.o)
                              c:/users/lenovo/appdata/roaming/xpacks/@xpack-dev-tools/arm-none-eabi-gcc/12.2.1-1.2.1/.content/bin/../lib/gcc/arm-none-eabi/12.2.1/../../../../arm-none-eabi/lib/thumb/v7e-m+fp/softfp\libg_nano.a(libc_a-nano-svfprintf.o) (_printf_i)
[...]
Memory Configuration

Name             Origin             Length             Attributes
RAM              0x0000000020000000 0x0000000000020000 xrw
CCMRAM           0x0000000010000000 0x0000000000010000 xrw
FLASH            0x0000000008000000 0x0000000000100000 xr
FLASHB1          0x0000000000000000 0x0000000000000000 xr
EXTMEMB0         0x0000000000000000 0x0000000000000000 xr
EXTMEMB1         0x0000000000000000 0x0000000000000000 xr
EXTMEMB2         0x0000000000000000 0x0000000000000000 xr
EXTMEMB3         0x0000000000000000 0x0000000000000000 xr
MEMORY_ARRAY     0x0000000020002000 0x0000000000000020 xrw
*default*        0x0000000000000000 0xffffffffffffffff

Linker script and memory map

LOAD FreeRTOS Source\croutine.o
LOAD FreeRTOS Source\event_groups.o
LOAD FreeRTOS Source\list.o
LOAD FreeRTOS Source\portable\GCC\ARM_CM4F\port.o
LOAD FreeRTOS Source\portable\MemMang\heap_4.o
LOAD FreeRTOS Source\queue.o
LOAD FreeRTOS Source\tasks.o
LOAD FreeRTOS Source\timers.o
LOAD src\initialize-hardware.o
LOAD src\led.o
LOAD src\main.o
LOAD src\stm32f4xx_hal_msp.o
LOAD src\write.o
LOAD system\src\cmsis\system_stm32f4xx.o
LOAD system\src\cmsis\vectors_stm32f407xx.o
LOAD system\src\cortexm\exception-handlers.o
LOAD system\src\cortexm\initialize-hardware.o
LOAD system\src\cortexm\reset-hardware.o
LOAD system\src\diag\trace-impl.o
LOAD system\src\diag\trace.o
LOAD system\src\newlib\assert.o
LOAD system\src\newlib\cxx.o
LOAD system\src\newlib\exit.o
LOAD system\src\newlib\sbrk.o
LOAD system\src\newlib\startup.o
LOAD system\src\newlib\syscalls.o
LOAD system\src\stm32f4-hal\stm32f4xx_hal.o
LOAD system\src\stm32f4-hal\stm32f4xx_hal_cortex.o
LOAD system\src\stm32f4-hal\stm32f4xx_hal_flash.o
LOAD system\src\stm32f4-hal\stm32f4xx_hal_flash_ex.o
LOAD system\src\stm32f4-hal\stm32f4xx_hal_flash_ramfunc.o
LOAD system\src\stm32f4-hal\stm32f4xx_hal_gpio.o
LOAD system\src\stm32f4-hal\stm32f4xx_hal_iwdg.o
LOAD system\src\stm32f4-hal\stm32f4xx_hal_pwr.o
LOAD system\src\stm32f4-hal\stm32f4xx_hal_rcc.o
LOAD c:/users/lenovo/appdata/roaming/xpacks/@xpack-dev-tools/arm-none-eabi-gcc/12.2.1-1.2.1/.content/bin/../lib/gcc/arm-none-eabi/12.2.1/../../../../arm-none-eabi/lib/thumb/v7e-m+fp/softfp\libstdc++_nano.a
LOAD c:/users/lenovo/appdata/roaming/xpacks/@xpack-dev-tools/arm-none-eabi-gcc/12.2.1-1.2.1/.content/bin/../lib/gcc/arm-none-eabi/12.2.1/../../../../arm-none-eabi/lib/thumb/v7e-m+fp/softfp\libm.a
START GROUP
LOAD c:/users/lenovo/appdata/roaming/xpacks/@xpack-dev-tools/arm-none-eabi-gcc/12.2.1-1.2.1/.content/bin/../lib/gcc/arm-none-eabi/12.2.1/thumb/v7e-m+fp/softfp\libgcc.a
LOAD c:/users/lenovo/appdata/roaming/xpacks/@xpack-dev-tools/arm-none-eabi-gcc/12.2.1-1.2.1/.content/bin/../lib/gcc/arm-none-eabi/12.2.1/../../../../arm-none-eabi/lib/thumb/v7e-m+fp/softfp\libg_nano.a
LOAD c:/users/lenovo/appdata/roaming/xpacks/@xpack-dev-tools/arm-none-eabi-gcc/12.2.1-1.2.1/.content/bin/../lib/gcc/arm-none-eabi/12.2.1/../../../../arm-none-eabi/lib/thumb/v7e-m+fp/softfp\libc_nano.a
END GROUP
START GROUP
LOAD c:/users/lenovo/appdata/roaming/xpacks/@xpack-dev-tools/arm-none-eabi-gcc/12.2.1-1.2.1/.content/bin/../lib/gcc/arm-none-eabi/12.2.1/thumb/v7e-m+fp/softfp\libgcc.a
LOAD c:/users/lenovo/appdata/roaming/xpacks/@xpack-dev-tools/arm-none-eabi-gcc/12.2.1-1.2.1/.content/bin/../lib/gcc/arm-none-eabi/12.2.1/../../../../arm-none-eabi/lib/thumb/v7e-m+fp/softfp\libc_nano.a
END GROUP
                0x0000000020020000                __stack = (ORIGIN (RAM) + LENGTH (RAM))
                0x0000000020020000                _estack = __stack
                0x0000000000000400                __Main_Stack_Size = 0x400
                [!provide]                        PROVIDE (_Main_Stack_Size = __Main_Stack_Size)
                0x000000002001fc00                __Main_Stack_Limit = (__stack - __Main_Stack_Size)
                [!provide]                        PROVIDE (_Main_Stack_Limit = __Main_Stack_Limit)
                0x0000000000000100                _Minimum_Stack_Size = 0x100
                0x000000002001301c                PROVIDE (_Heap_Begin = _end_noinit)
                0x000000002001fc00                PROVIDE (_Heap_Limit = (__stack - __Main_Stack_Size))

.isr_vector     0x0000000008000000      0x3e8
 FILL mask 0xff
                0x0000000008000000                __vectors_start = ABSOLUTE (.)
                0x0000000008000000                __vectors_start__ = ABSOLUTE (.)
 *(.isr_vector)
 .isr_vector    0x0000000008000000      0x188 system\src\cmsis\vectors_stm32f407xx.o
                0x0000000008000000                __isr_vectors
 *(.cfmconfig)
 *(.after_vectors .after_vectors.*)
 .after_vectors
                0x0000000008000188        0x4 system\src\cmsis\vectors_stm32f407xx.o
                0x0000000008000188                RTC_Alarm_IRQHandler
                0x0000000008000188                HASH_RNG_IRQHandler
                0x0000000008000188                EXTI2_IRQHandler
                0x0000000008000188                TIM8_CC_IRQHandler
                0x0000000008000188                TIM1_CC_IRQHandler
                0x0000000008000188                DMA2_Stream5_IRQHandler
                0x0000000008000188                DMA1_Stream5_IRQHandler
                0x0000000008000188                PVD_IRQHandler
                0x0000000008000188                SDIO_IRQHandler
                0x0000000008000188                TAMP_STAMP_IRQHandler
                0x0000000008000188                CAN2_RX1_IRQHandler
                0x0000000008000188                EXTI3_IRQHandler
                0x0000000008000188                TIM8_TRG_COM_TIM14_IRQHandler
                0x0000000008000188                TIM1_UP_TIM10_IRQHandler
                0x0000000008000188                TIM8_UP_TIM13_IRQHandler
                0x0000000008000188                I2C3_ER_IRQHandler
                0x0000000008000188                EXTI0_IRQHandler
                0x0000000008000188                I2C2_EV_IRQHandler
                0x0000000008000188                DMA1_Stream2_IRQHandler
                0x0000000008000188                CAN1_RX0_IRQHandler
                0x0000000008000188                FPU_IRQHandler
                0x0000000008000188                OTG_HS_WKUP_IRQHandler
                0x0000000008000188                CAN2_SCE_IRQHandler
                0x0000000008000188                DMA2_Stream2_IRQHandler
                0x0000000008000188                SPI1_IRQHandler
                0x0000000008000188                TIM6_DAC_IRQHandler
                0x0000000008000188                TIM1_BRK_TIM9_IRQHandler
                0x0000000008000188                DCMI_IRQHandler
                0x0000000008000188                CAN2_RX0_IRQHandler
                0x0000000008000188                DMA2_Stream3_IRQHandler
                0x0000000008000188                USART6_IRQHandler
                0x0000000008000188                USART3_IRQHandler
                0x0000000008000188                CAN1_RX1_IRQHandler
                0x0000000008000188                UART5_IRQHandler
                0x0000000008000188                DMA2_Stream0_IRQHandler
                0x0000000008000188                TIM4_IRQHandler
                0x0000000008000188                I2C1_EV_IRQHandler
                0x0000000008000188                DMA1_Stream6_IRQHandler
                0x0000000008000188                DMA1_Stream1_IRQHandler
                0x0000000008000188                UART4_IRQHandler
                0x0000000008000188                TIM3_IRQHandler
                0x0000000008000188                RCC_IRQHandler
                0x0000000008000188                TIM8_BRK_TIM12_IRQHandler
                0x0000000008000188                Default_Handler
                0x0000000008000188                EXTI15_10_IRQHandler
                0x0000000008000188                ADC_IRQHandler
                0x0000000008000188                DMA1_Stream7_IRQHandler
                0x0000000008000188                TIM7_IRQHandler
                0x0000000008000188                CAN2_TX_IRQHandler
                0x0000000008000188                TIM5_IRQHandler
                0x0000000008000188                DMA2_Stream7_IRQHandler
                0x0000000008000188                I2C3_EV_IRQHandler
                0x0000000008000188                EXTI9_5_IRQHandler
                0x0000000008000188                RTC_WKUP_IRQHandler
                0x0000000008000188                ETH_WKUP_IRQHandler
                0x0000000008000188                SPI2_IRQHandler
                0x0000000008000188                OTG_HS_EP1_IN_IRQHandler
                0x0000000008000188                DMA1_Stream0_IRQHandler
                0x0000000008000188                CAN1_TX_IRQHandler
                0x0000000008000188                EXTI4_IRQHandler
                0x0000000008000188                ETH_IRQHandler
                0x0000000008000188                OTG_HS_EP1_OUT_IRQHandler
                0x0000000008000188                WWDG_IRQHandler
                0x0000000008000188                TIM2_IRQHandler
                0x0000000008000188                OTG_FS_WKUP_IRQHandler
                0x0000000008000188                TIM1_TRG_COM_TIM11_IRQHandler
                0x0000000008000188                OTG_HS_IRQHandler
                0x0000000008000188                EXTI1_IRQHandler
                0x0000000008000188                USART2_IRQHandler
                0x0000000008000188                I2C2_ER_IRQHandler
                0x0000000008000188                DMA2_Stream1_IRQHandler
                0x0000000008000188                CAN1_SCE_IRQHandler
                0x0000000008000188                FLASH_IRQHandler
                0x0000000008000188                DMA2_Stream4_IRQHandler
                0x0000000008000188                USART1_IRQHandler
                0x0000000008000188                OTG_FS_IRQHandler
                0x0000000008000188                SPI3_IRQHandler
                0x0000000008000188                DMA1_Stream4_IRQHandler
                0x0000000008000188                I2C1_ER_IRQHandler
                0x0000000008000188                FMC_IRQHandler
                0x0000000008000188                DMA2_Stream6_IRQHandler
                0x0000000008000188                DMA1_Stream3_IRQHandler
 .after_vectors
                0x000000000800018c      0x12c system\src\cortexm\exception-handlers.o
                0x000000000800018c                Reset_Handler
                0x0000000008000192                NMI_Handler
                0x0000000008000196                HardFault_Handler
                0x00000000080001aa                HardFault_Handler_C
                0x0000000008000208                MemManage_Handler
                0x000000000800020c                BusFault_Handler
                0x0000000008000220                BusFault_Handler_C
                0x0000000008000254                UsageFault_Handler
                0x0000000008000268                UsageFault_Handler_C
                0x00000000080002a0                DebugMon_Handler
 .after_vectors
                0x00000000080002b8      0x130 system\src\newlib\startup.o
                0x00000000080002b8                _start

.inits          0x00000000080003e8       0x28
                0x00000000080003e8                __data_regions_array_start = .
                0x00000000080003e8        0x4 LONG 0x8004540 LOADADDR (.data)
                0x00000000080003ec        0x4 LONG 0x20000000 ADDR (.data)
                0x00000000080003f0        0x4 LONG 0x20000068 (ADDR (.data) + SIZEOF (.data))
                0x00000000080003f4        0x4 LONG 0x8004540 LOADADDR (.data_CCMRAM)
                0x00000000080003f8        0x4 LONG 0x10000000 ADDR (.data_CCMRAM)
                0x00000000080003fc        0x4 LONG 0x10000000 (ADDR (.data_CCMRAM) + SIZEOF (.data_CCMRAM))
                0x0000000008000400                __data_regions_array_end = .
                0x0000000008000400                __bss_regions_array_start = .
                0x0000000008000400        0x4 LONG 0x20000068 ADDR (.bss)
                0x0000000008000404        0x4 LONG 0x2001301c (ADDR (.bss) + SIZEOF (.bss))
                0x0000000008000408        0x4 LONG 0x10000000 ADDR (.bss_CCMRAM)
                0x000000000800040c        0x4 LONG 0x10000000 (ADDR (.bss_CCMRAM) + SIZEOF (.bss_CCMRAM))
                0x0000000008000410                __bss_regions_array_end = .
 *(.init)
 *(.fini)
                0x0000000008000410                . = ALIGN (0x4)
                0x0000000008000410                PROVIDE (__preinit_array_start = .)
 *(.preinit_array_sysinit .preinit_array_sysinit.*)
 *(.preinit_array_platform .preinit_array_platform.*)
 *(.preinit_array .preinit_array.*)
                0x0000000008000410                PROVIDE (__preinit_array_end = .)
                0x0000000008000410                . = ALIGN (0x4)
                0x0000000008000410                PROVIDE (__init_array_start = .)
 *(SORT_BY_NAME(.init_array.*))
 *(.init_array)
                0x0000000008000410                PROVIDE (__init_array_end = .)
                0x0000000008000410                . = ALIGN (0x4)
                0x0000000008000410                PROVIDE (__fini_array_start = .)
 *(SORT_BY_NAME(.fini_array.*))
 *(.fini_array)
                0x0000000008000410                PROVIDE (__fini_array_end = .)

.flashtext
 *(.flashtext .flashtext.*)

.text           0x0000000008000410     0x4126
 *(.text .text.*)
 .text.vListInitialise
                0x0000000008000410       0x16 FreeRTOS Source\list.o
                0x0000000008000410                vListInitialise
 .text.vListInitialiseItem
                0x0000000008000426        0x6 FreeRTOS Source\list.o
                0x0000000008000426                vListInitialiseItem
 .text.vListInsertEnd
                0x000000000800042c       0x16 FreeRTOS Source\list.o
                0x000000000800042c                vListInsertEnd
 .text.vListInsert
                0x0000000008000442       0x32 FreeRTOS Source\list.o
                0x0000000008000442                vListInsert
 .text.uxListRemove
                0x0000000008000474       0x24 FreeRTOS Source\list.o
                0x0000000008000474                uxListRemove
 .text.prvTaskExitError
                0x0000000008000498       0x34 FreeRTOS Source\portable\GCC\ARM_CM4F\port.o
 .text.prvPortStartFirstTask
                0x00000000080004cc       0x20 FreeRTOS Source\portable\GCC\ARM_CM4F\port.o
 .text.pxPortInitialiseStack
                0x00000000080004ec       0x2c FreeRTOS Source\portable\GCC\ARM_CM4F\port.o
                0x00000000080004ec                pxPortInitialiseStack
 *fill*         0x0000000008000518        0x8 
 .text.SVC_Handler
                0x0000000008000520       0x24 FreeRTOS Source\portable\GCC\ARM_CM4F\port.o
                0x0000000008000520                SVC_Handler
 .text.vPortEnterCritical
                0x0000000008000544       0x44 FreeRTOS Source\portable\GCC\ARM_CM4F\port.o
                0x0000000008000544                vPortEnterCritical
 .text.vPortExitCritical
                0x0000000008000588       0x2c FreeRTOS Source\portable\GCC\ARM_CM4F\port.o
                0x0000000008000588                vPortExitCritical
 *fill*         0x00000000080005b4        0xc 
 .text.PendSV_Handler
                0x00000000080005c0       0x64 FreeRTOS Source\portable\GCC\ARM_CM4F\port.o
                0x00000000080005c0                PendSV_Handler
 .text.SysTick_Handler
                0x0000000008000624       0x2c FreeRTOS Source\portable\GCC\ARM_CM4F\port.o
                0x0000000008000624                SysTick_Handler
 .text.vPortSetupTimerInterrupt
                0x0000000008000650       0x24 FreeRTOS Source\portable\GCC\ARM_CM4F\port.o
                0x0000000008000650                vPortSetupTimerInterrupt
 .text.xPortStartScheduler
                0x0000000008000674       0xf4 FreeRTOS Source\portable\GCC\ARM_CM4F\port.o
                0x0000000008000674                xPortStartScheduler
 .text.vPortValidateInterruptPriority
                0x0000000008000768       0x5c FreeRTOS Source\portable\GCC\ARM_CM4F\port.o
                0x0000000008000768                vPortValidateInterruptPriority
 .text.prvHeapInit
                0x00000000080007c4       0x64 FreeRTOS Source\portable\MemMang\heap_4.o
 .text.prvInsertBlockIntoFreeList
                0x0000000008000828       0x64 FreeRTOS Source\portable\MemMang\heap_4.o
 .text.pvPortMalloc
                0x000000000800088c      0x10c FreeRTOS Source\portable\MemMang\heap_4.o
                0x000000000800088c                pvPortMalloc
 .text.vPortFree
                0x0000000008000998       0x70 FreeRTOS Source\portable\MemMang\heap_4.o
                0x0000000008000998                vPortFree
 .text.xPortGetFreeHeapSize
                0x0000000008000a08        0xc FreeRTOS Source\portable\MemMang\heap_4.o
                0x0000000008000a08                xPortGetFreeHeapSize
 .text.prvIsQueueFull
                0x0000000008000a14       0x1e FreeRTOS Source\queue.o
 .text.prvIsQueueEmpty
                0x0000000008000a32       0x1a FreeRTOS Source\queue.o
 .text.prvCopyDataToQueue
                0x0000000008000a4c       0x76 FreeRTOS Source\queue.o
 .text.prvCopyDataFromQueue
                0x0000000008000ac2       0x24 FreeRTOS Source\queue.o
 .text.prvUnlockQueue
                0x0000000008000ae6       0x6e FreeRTOS Source\queue.o
 .text.xQueueGenericReset
                0x0000000008000b54       0x84 FreeRTOS Source\queue.o
                0x0000000008000b54                xQueueGenericReset
 .text.prvInitialiseNewQueue
                0x0000000008000bd8       0x22 FreeRTOS Source\queue.o
 .text.xQueueGenericCreate
                0x0000000008000bfa       0x48 FreeRTOS Source\queue.o
                0x0000000008000bfa                xQueueGenericCreate
 .text.xQueueGenericSend
                0x0000000008000c42      0x188 FreeRTOS Source\queue.o
                0x0000000008000c42                xQueueGenericSend
 .text.xQueueGenericSendFromISR
                0x0000000008000dca       0xcc FreeRTOS Source\queue.o
                0x0000000008000dca                xQueueGenericSendFromISR
 .text.xQueueGenericReceive
                0x0000000008000e96      0x1ba FreeRTOS Source\queue.o
                0x0000000008000e96                xQueueGenericReceive
 .text.vQueueAddToRegistry
                0x0000000008001050       0x28 FreeRTOS Source\queue.o
                0x0000000008001050                vQueueAddToRegistry
 .text.vQueueWaitForMessageRestricted
                0x0000000008001078       0x52 FreeRTOS Source\queue.o
                0x0000000008001078                vQueueWaitForMessageRestricted
 *fill*         0x00000000080010ca        0x2 
 .text.prvResetNextTaskUnblockTime
                0x00000000080010cc       0x2c FreeRTOS Source\tasks.o
 .text.prvDeleteTCB
                0x00000000080010f8       0x12 FreeRTOS Source\tasks.o
 .text.prvInitialiseNewTask
                0x000000000800110a       0x98 FreeRTOS Source\tasks.o
 *fill*         0x00000000080011a2        0x2 
 .text.prvInitialiseTaskLists
                0x00000000080011a4       0x68 FreeRTOS Source\tasks.o
 .text.prvAddNewTaskToReadyList
                0x000000000800120c       0xac FreeRTOS Source\tasks.o
 .text.prvAddCurrentTaskToDelayedList
                0x00000000080012b8       0x98 FreeRTOS Source\tasks.o
 .text.xTaskCreate
                0x0000000008001350       0x60 FreeRTOS Source\tasks.o
                0x0000000008001350                xTaskCreate
 .text.vTaskStartScheduler
                0x00000000080013b0       0x84 FreeRTOS Source\tasks.o
                0x00000000080013b0                vTaskStartScheduler
 .text.vTaskSuspendAll
                0x0000000008001434       0x10 FreeRTOS Source\tasks.o
                0x0000000008001434                vTaskSuspendAll
 .text.xTaskGetTickCount
                0x0000000008001444        0xc FreeRTOS Source\tasks.o
                0x0000000008001444                xTaskGetTickCount
 .text.xTaskIncrementTick
                0x0000000008001450      0x128 FreeRTOS Source\tasks.o
                0x0000000008001450                xTaskIncrementTick
 .text.xTaskResumeAll
                0x0000000008001578       0xf8 FreeRTOS Source\tasks.o
                0x0000000008001578                xTaskResumeAll
 .text.prvCheckTasksWaitingTermination
                0x0000000008001670       0x5c FreeRTOS Source\tasks.o
 .text.prvIdleTask
                0x00000000080016cc       0x30 FreeRTOS Source\tasks.o
 .text.vTaskSwitchContext
                0x00000000080016fc       0xcc FreeRTOS Source\tasks.o
                0x00000000080016fc                vTaskSwitchContext
 .text.vTaskPlaceOnEventList
                0x00000000080017c8       0x30 FreeRTOS Source\tasks.o
                0x00000000080017c8                vTaskPlaceOnEventList
 .text.vTaskPlaceOnEventListRestricted
                0x00000000080017f8       0x38 FreeRTOS Source\tasks.o
                0x00000000080017f8                vTaskPlaceOnEventListRestricted
 .text.xTaskRemoveFromEventList
                0x0000000008001830       0x8c FreeRTOS Source\tasks.o
                0x0000000008001830                xTaskRemoveFromEventList
 .text.vTaskSetTimeOutState
                0x00000000080018bc       0x2c FreeRTOS Source\tasks.o
                0x00000000080018bc                vTaskSetTimeOutState
 .text.xTaskCheckForTimeOut
                0x00000000080018e8       0x80 FreeRTOS Source\tasks.o
                0x00000000080018e8                xTaskCheckForTimeOut
 .text.vTaskMissedYield
                0x0000000008001968        0xc FreeRTOS Source\tasks.o
                0x0000000008001968                vTaskMissedYield
 .text.xTaskGetSchedulerState
                0x0000000008001974       0x20 FreeRTOS Source\tasks.o
                0x0000000008001974                xTaskGetSchedulerState
 .text.vTaskPriorityInherit
                0x0000000008001994       0xa0 FreeRTOS Source\tasks.o
                0x0000000008001994                vTaskPriorityInherit
 .text.xTaskPriorityDisinherit
                0x0000000008001a34       0xb0 FreeRTOS Source\tasks.o
                0x0000000008001a34                xTaskPriorityDisinherit
 .text.pvTaskIncrementMutexHeldCount
                0x0000000008001ae4       0x1c FreeRTOS Source\tasks.o
                0x0000000008001ae4                pvTaskIncrementMutexHeldCount
 .text.prvGetNextExpireTime
                0x0000000008001b00       0x20 FreeRTOS Source\timers.o
 .text.prvInsertTimerInActiveList
                0x0000000008001b20       0x48 FreeRTOS Source\timers.o
 .text.prvCheckForValidListAndQueue
                0x0000000008001b68       0x5c FreeRTOS Source\timers.o
 .text.prvInitialiseNewTimer
                0x0000000008001bc4       0x40 FreeRTOS Source\timers.o
 .text.xTimerCreateTimerTask
                0x0000000008001c04       0x50 FreeRTOS Source\timers.o
                0x0000000008001c04                xTimerCreateTimerTask
 .text.xTimerCreate
                0x0000000008001c54       0x32 FreeRTOS Source\timers.o
                0x0000000008001c54                xTimerCreate
 *fill*         0x0000000008001c86        0x2 
 .text.xTimerGenericCommand
                0x0000000008001c88       0x6c FreeRTOS Source\timers.o
                0x0000000008001c88                xTimerGenericCommand
 .text.prvSwitchTimerLists
                0x0000000008001cf4       0x78 FreeRTOS Source\timers.o
 .text.prvSampleTimeNow
                0x0000000008001d6c       0x2c FreeRTOS Source\timers.o
 .text.prvProcessExpiredTimer
                0x0000000008001d98       0x60 FreeRTOS Source\timers.o
 .text.prvProcessTimerOrBlockTask
                0x0000000008001df8       0x70 FreeRTOS Source\timers.o
 .text.prvProcessReceivedCommands
                0x0000000008001e68       0xe0 FreeRTOS Source\timers.o
 .text.prvTimerTask
                0x0000000008001f48       0x16 FreeRTOS Source\timers.o
 *fill*         0x0000000008001f5e        0x2 
 .text.SystemClock_Config
                0x0000000008001f60       0xa0 src\initialize-hardware.o
                0x0000000008001f60                SystemClock_Config
 .text.__initialize_hardware
                0x0000000008002000       0x10 src\initialize-hardware.o
                0x0000000008002000                __initialize_hardware
 .text.assert_failed
                0x0000000008002010       0x14 src\initialize-hardware.o
                0x0000000008002010                assert_failed
 .text.createLed
                0x0000000008002024       0x10 src\led.o
                0x0000000008002024                createLed
 .text.turn_on  0x0000000008002034       0x2c src\led.o
                0x0000000008002034                turn_on
 .text.turn_off
                0x0000000008002060       0x2c src\led.o
                0x0000000008002060                turn_off
 .text.power_up
                0x000000000800208c       0x40 src\led.o
                0x000000000800208c                power_up
 .text.isOn     0x00000000080020cc       0x40 src\led.o
                0x00000000080020cc                isOn
 .text.prvAutoReloadTimerCallback
                0x000000000800210c       0x2c src\main.o
 .text.prvOneShotTimerCallback
                0x0000000008002138       0x18 src\main.o
 .text.main     0x0000000008002150      0x11c src\main.o
                0x0000000008002150                main
 .text.vApplicationMallocFailedHook
                0x000000000800226c        0x2 src\main.o
                0x000000000800226c                vApplicationMallocFailedHook
 .text.vApplicationStackOverflowHook
                0x000000000800226e        0x2 src\main.o
                0x000000000800226e                vApplicationStackOverflowHook
 .text.vApplicationIdleHook
                0x0000000008002270       0x12 src\main.o
                0x0000000008002270                vApplicationIdleHook
 .text.vApplicationTickHook
                0x0000000008002282        0x2 src\main.o
                0x0000000008002282                vApplicationTickHook
 .text.HAL_MspInit
                0x0000000008002284        0x2 src\stm32f4xx_hal_msp.o
                0x0000000008002284                HAL_MspInit
 *fill*         0x0000000008002286        0x2 
 .text.SystemInit
                0x0000000008002288       0x10 system\src\cmsis\system_stm32f4xx.o
                0x0000000008002288                SystemInit
 .text.SystemCoreClockUpdate
                0x0000000008002298       0xa0 system\src\cmsis\system_stm32f4xx.o
                0x0000000008002298                SystemCoreClockUpdate
 .text.__NVIC_SystemReset
                0x0000000008002338       0x24 system\src\cortexm\exception-handlers.o
 .text.dumpExceptionStack
                0x000000000800235c       0xf4 system\src\cortexm\exception-handlers.o
                0x000000000800235c                dumpExceptionStack
 .text.isSemihosting
                0x0000000008002450       0xe0 system\src\cortexm\exception-handlers.o
                0x0000000008002450                isSemihosting
 .text.__initialize_hardware_early
                0x0000000008002530       0x18 system\src\cortexm\initialize-hardware.o
                0x0000000008002530                __initialize_hardware_early
 .text._trace_write_semihosting_debug
                0x0000000008002548       0x62 system\src\diag\trace-impl.o
 .text.trace_write
                0x00000000080025aa        0x8 system\src\diag\trace-impl.o
                0x00000000080025aa                trace_write
 *fill*         0x00000000080025b2        0x2 
 .text.trace_printf
                0x00000000080025b4       0x34 system\src\diag\trace.o
                0x00000000080025b4                trace_printf
 .text.trace_puts
                0x00000000080025e8       0x20 system\src\diag\trace.o
                0x00000000080025e8                trace_puts
 .text._sbrk    0x0000000008002608       0x44 system\src\newlib\sbrk.o
                0x0000000008002608                _sbrk
 .text._exit    0x000000000800264c       0x20 system\src\newlib\syscalls.o
                0x000000000800264c                _exit
 .text.initialise_monitor_handles
                0x000000000800266c       0xa8 system\src\newlib\syscalls.o
                0x000000000800266c                initialise_monitor_handles
 .text.__initialize_args
                0x0000000008002714       0xc0 system\src\newlib\syscalls.o
                0x0000000008002714                __initialize_args
 .text.HAL_InitTick
                0x00000000080027d4       0x4c system\src\stm32f4-hal\stm32f4xx_hal.o
                0x00000000080027d4                HAL_InitTick
 .text.HAL_Init
                0x0000000008002820       0x34 system\src\stm32f4-hal\stm32f4xx_hal.o
                0x0000000008002820                HAL_Init
 .text.HAL_GetTick
                0x0000000008002854        0xc system\src\stm32f4-hal\stm32f4xx_hal.o
                0x0000000008002854                HAL_GetTick
 .text.__NVIC_SetPriority
                0x0000000008002860       0x28 system\src\stm32f4-hal\stm32f4xx_hal_cortex.o
 .text.NVIC_EncodePriority
                0x0000000008002888       0x3e system\src\stm32f4-hal\stm32f4xx_hal_cortex.o
 *fill*         0x00000000080028c6        0x2 
 .text.HAL_NVIC_SetPriorityGrouping
                0x00000000080028c8       0x3c system\src\stm32f4-hal\stm32f4xx_hal_cortex.o
                0x00000000080028c8                HAL_NVIC_SetPriorityGrouping
 .text.HAL_NVIC_SetPriority
                0x0000000008002904       0x48 system\src\stm32f4-hal\stm32f4xx_hal_cortex.o
                0x0000000008002904                HAL_NVIC_SetPriority
 .text.HAL_SYSTICK_Config
                0x000000000800294c       0x28 system\src\stm32f4-hal\stm32f4xx_hal_cortex.o
                0x000000000800294c                HAL_SYSTICK_Config
 .text.HAL_SYSTICK_CLKSourceConfig
                0x0000000008002974       0x34 system\src\stm32f4-hal\stm32f4xx_hal_cortex.o
                0x0000000008002974                HAL_SYSTICK_CLKSourceConfig
 .text.HAL_GPIO_Init
                0x00000000080029a8      0x2dc system\src\stm32f4-hal\stm32f4xx_hal_gpio.o
                0x00000000080029a8                HAL_GPIO_Init
 .text.HAL_RCC_OscConfig
                0x0000000008002c84      0x4f8 system\src\stm32f4-hal\stm32f4xx_hal_rcc.o
                0x0000000008002c84                HAL_RCC_OscConfig
 .text.HAL_RCC_GetSysClockFreq
                0x000000000800317c       0xdc system\src\stm32f4-hal\stm32f4xx_hal_rcc.o
                0x000000000800317c                HAL_RCC_GetSysClockFreq
 .text.HAL_RCC_ClockConfig
                0x0000000008003258      0x224 system\src\stm32f4-hal\stm32f4xx_hal_rcc.o
                0x0000000008003258                HAL_RCC_ClockConfig
 .text.HAL_RCC_GetHCLKFreq
                0x000000000800347c        0xc system\src\stm32f4-hal\stm32f4xx_hal_rcc.o
                0x000000000800347c                HAL_RCC_GetHCLKFreq
 .text          0x0000000008003488       0x30 c:/users/lenovo/appdata/roaming/xpacks/@xpack-dev-tools/arm-none-eabi-gcc/12.2.1-1.2.1/.content/bin/../lib/gcc/arm-none-eabi/12.2.1/thumb/v7e-m+fp/softfp\libgcc.a(_aeabi_uldivmod.o)
                0x0000000008003488                __aeabi_uldivmod
 .text.__udivmoddi4
                0x00000000080034b8      0x2bc c:/users/lenovo/appdata/roaming/xpacks/@xpack-dev-tools/arm-none-eabi-gcc/12.2.1-1.2.1/.content/bin/../lib/gcc/arm-none-eabi/12.2.1/thumb/v7e-m+fp/softfp\libgcc.a(_udivmoddi4.o)
                0x00000000080034b8                __udivmoddi4
 .text          0x0000000008003774        0x4 c:/users/lenovo/appdata/roaming/xpacks/@xpack-dev-tools/arm-none-eabi-gcc/12.2.1-1.2.1/.content/bin/../lib/gcc/arm-none-eabi/12.2.1/thumb/v7e-m+fp/softfp\libgcc.a(_dvmd_tls.o)
                0x0000000008003774                __aeabi_idiv0
                0x0000000008003774                __aeabi_ldiv0
 .text._vsnprintf_r
                0x0000000008003778       0x56 c:/users/lenovo/appdata/roaming/xpacks/@xpack-dev-tools/arm-none-eabi-gcc/12.2.1-1.2.1/.content/bin/../lib/gcc/arm-none-eabi/12.2.1/../../../../arm-none-eabi/lib/thumb/v7e-m+fp/softfp\libg_nano.a(libc_a-vsnprintf.o)
                0x0000000008003778                _vsniprintf_r
                0x0000000008003778                _vsnprintf_r
 *fill*         0x00000000080037ce        0x2 
 .text.vsnprintf
                0x00000000080037d0       0x1c c:/users/lenovo/appdata/roaming/xpacks/@xpack-dev-tools/arm-none-eabi-gcc/12.2.1-1.2.1/.content/bin/../lib/gcc/arm-none-eabi/12.2.1/../../../../arm-none-eabi/lib/thumb/v7e-m+fp/softfp\libg_nano.a(libc_a-vsnprintf.o)
                0x00000000080037d0                vsniprintf
                0x00000000080037d0                vsnprintf
 .text.memset   0x00000000080037ec       0x10 c:/users/lenovo/appdata/roaming/xpacks/@xpack-dev-tools/arm-none-eabi-gcc/12.2.1-1.2.1/.content/bin/../lib/gcc/arm-none-eabi/12.2.1/../../../../arm-none-eabi/lib/thumb/v7e-m+fp/softfp\libg_nano.a(libc_a-memset.o)
                0x00000000080037ec                memset
 .text.__errno  0x00000000080037fc        0xc c:/users/lenovo/appdata/roaming/xpacks/@xpack-dev-tools/arm-none-eabi-gcc/12.2.1-1.2.1/.content/bin/../lib/gcc/arm-none-eabi/12.2.1/../../../../arm-none-eabi/lib/thumb/v7e-m+fp/softfp\libg_nano.a(libc_a-errno.o)
                0x00000000080037fc                __errno
 .text          0x0000000008003808       0x14 c:/users/lenovo/appdata/roaming/xpacks/@xpack-dev-tools/arm-none-eabi-gcc/12.2.1-1.2.1/.content/bin/../lib/gcc/arm-none-eabi/12.2.1/../../../../arm-none-eabi/lib/thumb/v7e-m+fp/softfp\libg_nano.a(libc_a-strcmp.o)
                0x0000000008003808                strcmp
 .text.memcpy   0x000000000800381c       0x1c c:/users/lenovo/appdata/roaming/xpacks/@xpack-dev-tools/arm-none-eabi-gcc/12.2.1-1.2.1/.content/bin/../lib/gcc/arm-none-eabi/12.2.1/../../../../arm-none-eabi/lib/thumb/v7e-m+fp/softfp\libg_nano.a(libc_a-memcpy-stub.o)
                0x000000000800381c                memcpy
 .text          0x0000000008003838       0x10 c:/users/lenovo/appdata/roaming/xpacks/@xpack-dev-tools/arm-none-eabi-gcc/12.2.1-1.2.1/.content/bin/../lib/gcc/arm-none-eabi/12.2.1/../../../../arm-none-eabi/lib/thumb/v7e-m+fp/softfp\libg_nano.a(libc_a-strlen.o)
                0x0000000008003838                strlen
 .text.__ssputs_r
                0x0000000008003848       0xb6 c:/users/lenovo/appdata/roaming/xpacks/@xpack-dev-tools/arm-none-eabi-gcc/12.2.1-1.2.1/.content/bin/../lib/gcc/arm-none-eabi/12.2.1/../../../../arm-none-eabi/lib/thumb/v7e-m+fp/softfp\libg_nano.a(libc_a-nano-svfprintf.o)
                0x0000000008003848                __ssputs_r
 *fill*         0x00000000080038fe        0x2 
 .text._svfprintf_r
                0x0000000008003900      0x1f8 c:/users/lenovo/appdata/roaming/xpacks/@xpack-dev-tools/arm-none-eabi-gcc/12.2.1-1.2.1/.content/bin/../lib/gcc/arm-none-eabi/12.2.1/../../../../arm-none-eabi/lib/thumb/v7e-m+fp/softfp\libg_nano.a(libc_a-nano-svfprintf.o)
                0x0000000008003900                _svfiprintf_r
                0x0000000008003900                _svfprintf_r
 .text._printf_common
                0x0000000008003af8       0xda c:/users/lenovo/appdata/roaming/xpacks/@xpack-dev-tools/arm-none-eabi-gcc/12.2.1-1.2.1/.content/bin/../lib/gcc/arm-none-eabi/12.2.1/../../../../arm-none-eabi/lib/thumb/v7e-m+fp/softfp\libg_nano.a(libc_a-nano-vfprintf_i.o)
                0x0000000008003af8                _printf_common
 *fill*         0x0000000008003bd2        0x2 
 .text._printf_i
                0x0000000008003bd4      0x258 c:/users/lenovo/appdata/roaming/xpacks/@xpack-dev-tools/arm-none-eabi-gcc/12.2.1-1.2.1/.content/bin/../lib/gcc/arm-none-eabi/12.2.1/../../../../arm-none-eabi/lib/thumb/v7e-m+fp/softfp\libg_nano.a(libc_a-nano-vfprintf_i.o)
                0x0000000008003bd4                _printf_i
 .text.memmove  0x0000000008003e2c       0x34 c:/users/lenovo/appdata/roaming/xpacks/@xpack-dev-tools/arm-none-eabi-gcc/12.2.1-1.2.1/.content/bin/../lib/gcc/arm-none-eabi/12.2.1/../../../../arm-none-eabi/lib/thumb/v7e-m+fp/softfp\libg_nano.a(libc_a-memmove.o)
                0x0000000008003e2c                memmove
 .text          0x0000000008003e60       0xa0 c:/users/lenovo/appdata/roaming/xpacks/@xpack-dev-tools/arm-none-eabi-gcc/12.2.1-1.2.1/.content/bin/../lib/gcc/arm-none-eabi/12.2.1/../../../../arm-none-eabi/lib/thumb/v7e-m+fp/softfp\libg_nano.a(libc_a-memchr.o)
                0x0000000008003e60                memchr
 .text._free_r  0x0000000008003f00       0x94 c:/users/lenovo/appdata/roaming/xpacks/@xpack-dev-tools/arm-none-eabi-gcc/12.2.1-1.2.1/.content/bin/../lib/gcc/arm-none-eabi/12.2.1/../../../../arm-none-eabi/lib/thumb/v7e-m+fp/softfp\libg_nano.a(libc_a-freer.o)
                0x0000000008003f00                _free_r
 .text.sbrk_aligned
                0x0000000008003f94       0x44 c:/users/lenovo/appdata/roaming/xpacks/@xpack-dev-tools/arm-none-eabi-gcc/12.2.1-1.2.1/.content/bin/../lib/gcc/arm-none-eabi/12.2.1/../../../../arm-none-eabi/lib/thumb/v7e-m+fp/softfp\libg_nano.a(libc_a-mallocr.o)
 .text._malloc_r
                0x0000000008003fd8       0xf0 c:/users/lenovo/appdata/roaming/xpacks/@xpack-dev-tools/arm-none-eabi-gcc/12.2.1-1.2.1/.content/bin/../lib/gcc/arm-none-eabi/12.2.1/../../../../arm-none-eabi/lib/thumb/v7e-m+fp/softfp\libg_nano.a(libc_a-mallocr.o)
                0x0000000008003fd8                _malloc_r
 .text.__malloc_lock
                0x00000000080040c8        0xc c:/users/lenovo/appdata/roaming/xpacks/@xpack-dev-tools/arm-none-eabi-gcc/12.2.1-1.2.1/.content/bin/../lib/gcc/arm-none-eabi/12.2.1/../../../../arm-none-eabi/lib/thumb/v7e-m+fp/softfp\libg_nano.a(libc_a-mlock.o)
                0x00000000080040c8                __malloc_lock
 .text.__malloc_unlock
                0x00000000080040d4        0xc c:/users/lenovo/appdata/roaming/xpacks/@xpack-dev-tools/arm-none-eabi-gcc/12.2.1-1.2.1/.content/bin/../lib/gcc/arm-none-eabi/12.2.1/../../../../arm-none-eabi/lib/thumb/v7e-m+fp/softfp\libg_nano.a(libc_a-mlock.o)
                0x00000000080040d4                __malloc_unlock
 .text._realloc_r
                0x00000000080040e0       0x5c c:/users/lenovo/appdata/roaming/xpacks/@xpack-dev-tools/arm-none-eabi-gcc/12.2.1-1.2.1/.content/bin/../lib/gcc/arm-none-eabi/12.2.1/../../../../arm-none-eabi/lib/thumb/v7e-m+fp/softfp\libg_nano.a(libc_a-reallocr.o)
                0x00000000080040e0                _realloc_r
 .text._sbrk_r  0x000000000800413c       0x20 c:/users/lenovo/appdata/roaming/xpacks/@xpack-dev-tools/arm-none-eabi-gcc/12.2.1-1.2.1/.content/bin/../lib/gcc/arm-none-eabi/12.2.1/../../../../arm-none-eabi/lib/thumb/v7e-m+fp/softfp\libg_nano.a(libc_a-sbrkr.o)
                0x000000000800413c                _sbrk_r
 .text.__retarget_lock_acquire_recursive
                0x000000000800415c        0x2 c:/users/lenovo/appdata/roaming/xpacks/@xpack-dev-tools/arm-none-eabi-gcc/12.2.1-1.2.1/.content/bin/../lib/gcc/arm-none-eabi/12.2.1/../../../../arm-none-eabi/lib/thumb/v7e-m+fp/softfp\libg_nano.a(libc_a-lock.o)
                0x000000000800415c                __retarget_lock_acquire_recursive
 .text.__retarget_lock_release_recursive
                0x000000000800415e        0x2 c:/users/lenovo/appdata/roaming/xpacks/@xpack-dev-tools/arm-none-eabi-gcc/12.2.1-1.2.1/.content/bin/../lib/gcc/arm-none-eabi/12.2.1/../../../../arm-none-eabi/lib/thumb/v7e-m+fp/softfp\libg_nano.a(libc_a-lock.o)
                0x000000000800415e                __retarget_lock_release_recursive
 .text._malloc_usable_size_r
                0x0000000008004160       0x10 c:/users/lenovo/appdata/roaming/xpacks/@xpack-dev-tools/arm-none-eabi-gcc/12.2.1-1.2.1/.content/bin/../lib/gcc/arm-none-eabi/12.2.1/../../../../arm-none-eabi/lib/thumb/v7e-m+fp/softfp\libg_nano.a(libc_a-msizer.o)
                0x0000000008004160                _malloc_usable_size_r
 *(.rodata .rodata.* .constdata .constdata.*)
 .rodata.vTaskStartScheduler.str1.4
                0x0000000008004170        0x5 FreeRTOS Source\tasks.o
 *fill*         0x0000000008004175        0x3 
 .rodata.prvCheckForValidListAndQueue.str1.4
                0x0000000008004178        0x5 FreeRTOS Source\timers.o
 *fill*         0x000000000800417d        0x3 
 .rodata.xTimerCreateTimerTask.str1.4
                0x0000000008004180        0x8 FreeRTOS Source\timers.o
 .rodata.assert_failed.str1.4
                0x0000000008004188       0x2d src\initialize-hardware.o
 *fill*         0x00000000080041b5        0x3 
 .rodata.prvAutoReloadTimerCallback.str1.4
                0x00000000080041b8       0x25 src\main.o
 *fill*         0x00000000080041dd        0x3 
 .rodata.prvOneShotTimerCallback.str1.4
                0x00000000080041e0       0x22 src\main.o
 *fill*         0x0000000008004202        0x2 
 .rodata.main.str1.4
                0x0000000008004204        0xf src\main.o
 *fill*         0x0000000008004213        0x1 
 .rodata.AHBPrescTable
                0x0000000008004214       0x10 system\src\cmsis\system_stm32f4xx.o
                0x0000000008004214                AHBPrescTable
 .rodata.dumpExceptionStack.str1.4
                0x0000000008004224      0x11a system\src\cortexm\exception-handlers.o
 *fill*         0x000000000800433e        0x2 
 .rodata.isSemihosting.str1.4
                0x0000000008004340        0x4 system\src\cortexm\exception-handlers.o
 .rodata.str1.4
                0x0000000008004344       0x2a system\src\cortexm\exception-handlers.o
 .rodata.trace_puts.str1.4
                0x000000000800436e       0x2a system\src\diag\trace.o
                                          0x2 (size before relaxing)
 .rodata.initialise_monitor_handles.str1.4
                0x000000000800436e        0x4 system\src\newlib\syscalls.o
 *fill*         0x000000000800436e        0x2 
 .rodata.HAL_NVIC_SetPriorityGrouping.str1.4
                0x0000000008004370       0x31 system\src\stm32f4-hal\stm32f4xx_hal_cortex.o
 *fill*         0x00000000080043a1        0x3 
 .rodata.HAL_GPIO_Init.str1.4
                0x00000000080043a4       0x2f system\src\stm32f4-hal\stm32f4xx_hal_gpio.o
 *fill*         0x00000000080043d3        0x1 
 .rodata.HAL_RCC_OscConfig.str1.4
                0x00000000080043d4       0x2e system\src\stm32f4-hal\stm32f4xx_hal_rcc.o
 .rodata._ctype_
                0x0000000008004402      0x101 c:/users/lenovo/appdata/roaming/xpacks/@xpack-dev-tools/arm-none-eabi-gcc/12.2.1-1.2.1/.content/bin/../lib/gcc/arm-none-eabi/12.2.1/../../../../arm-none-eabi/lib/thumb/v7e-m+fp/softfp\libg_nano.a(libc_a-ctype_.o)
                0x0000000008004402                _ctype_
 .rodata._svfprintf_r.str1.1
                0x0000000008004503       0x11 c:/users/lenovo/appdata/roaming/xpacks/@xpack-dev-tools/arm-none-eabi-gcc/12.2.1-1.2.1/.content/bin/../lib/gcc/arm-none-eabi/12.2.1/../../../../arm-none-eabi/lib/thumb/v7e-m+fp/softfp\libg_nano.a(libc_a-nano-svfprintf.o)
 .rodata._printf_i.str1.1
                0x0000000008004514       0x22 c:/users/lenovo/appdata/roaming/xpacks/@xpack-dev-tools/arm-none-eabi-gcc/12.2.1-1.2.1/.content/bin/../lib/gcc/arm-none-eabi/12.2.1/../../../../arm-none-eabi/lib/thumb/v7e-m+fp/softfp\libg_nano.a(libc_a-nano-vfprintf_i.o)
 *(vtable)
 *(.eh_frame*)
 *(.glue_7)
 .glue_7        0x0000000008004536        0x0 linker stubs
 *(.glue_7t)
 .glue_7t       0x0000000008004536        0x0 linker stubs

.vfp11_veneer   0x0000000008004538        0x0
 .vfp11_veneer  0x0000000008004538        0x0 linker stubs

.v4_bx          0x0000000008004538        0x0
 .v4_bx         0x0000000008004538        0x0 linker stubs

.iplt           0x0000000008004538        0x0
 .iplt          0x0000000008004538        0x0 FreeRTOS Source\portable\GCC\ARM_CM4F\port.o

.ARM.extab
 *(.ARM.extab* .gnu.linkonce.armextab.*)
                0x0000000008004538                . = ALIGN (0x4)
                0x0000000008004538                __exidx_start = .

.ARM.exidx      0x0000000008004538        0x8
 *(.ARM.exidx* .gnu.linkonce.armexidx.*)
 .ARM.exidx.text.__udivmoddi4
                0x0000000008004538        0x8 c:/users/lenovo/appdata/roaming/xpacks/@xpack-dev-tools/arm-none-eabi-gcc/12.2.1-1.2.1/.content/bin/../lib/gcc/arm-none-eabi/12.2.1/thumb/v7e-m+fp/softfp\libgcc.a(_udivmoddi4.o)
                0x0000000008004540                __exidx_end = .

.rel.dyn        0x0000000008004540        0x0
 .rel.iplt      0x0000000008004540        0x0 FreeRTOS Source\portable\GCC\ARM_CM4F\port.o
                0x0000000008004540                . = ALIGN (0x4)
                0x0000000008004540                _etext = .
                0x0000000008004540                __etext = .

.data_CCMRAM    0x0000000010000000        0x0 load address 0x0000000008004540
 FILL mask 0xff
 *(.data.CCMRAM .data.CCMRAM.*)
                0x0000000010000000                . = ALIGN (0x4)
                0x0000000008004540                _sidata = LOADADDR (.data)

.data           0x0000000020000000       0x68 load address 0x0000000008004540
 FILL mask 0xff
                0x0000000020000000                _sdata = .
                0x0000000020000000                __data_start__ = .
 *(.data_begin .data_begin.*)
 .data_begin    0x0000000020000000        0x4 system\src\newlib\startup.o
 *(.data .data.*)
 .data.uxCriticalNesting
                0x0000000020000004        0x4 FreeRTOS Source\portable\GCC\ARM_CM4F\port.o
 .data.SystemCoreClock
                0x0000000020000008        0x4 system\src\cmsis\system_stm32f4xx.o
                0x0000000020000008                SystemCoreClock
 .data.uwTickFreq
                0x000000002000000c        0x1 system\src\stm32f4-hal\stm32f4xx_hal.o
                0x000000002000000c                uwTickFreq
 *fill*         0x000000002000000d        0x3 ff
 .data.uwTickPrio
                0x0000000020000010        0x4 system\src\stm32f4-hal\stm32f4xx_hal.o
                0x0000000020000010                uwTickPrio
 .data._impure_ptr
                0x0000000020000014        0x4 c:/users/lenovo/appdata/roaming/xpacks/@xpack-dev-tools/arm-none-eabi-gcc/12.2.1-1.2.1/.content/bin/../lib/gcc/arm-none-eabi/12.2.1/../../../../arm-none-eabi/lib/thumb/v7e-m+fp/softfp\libg_nano.a(libc_a-impure.o)
                0x0000000020000014                _impure_ptr
 .data._impure_data
                0x0000000020000018       0x4c c:/users/lenovo/appdata/roaming/xpacks/@xpack-dev-tools/arm-none-eabi-gcc/12.2.1-1.2.1/.content/bin/../lib/gcc/arm-none-eabi/12.2.1/../../../../arm-none-eabi/lib/thumb/v7e-m+fp/softfp\libg_nano.a(libc_a-impure.o)
                0x0000000020000018                _impure_data
 *(.data_end .data_end.*)
 .data_end      0x0000000020000064        0x4 system\src\newlib\startup.o
                0x0000000020000068                . = ALIGN (0x4)
                0x0000000020000068                _edata = .
                0x0000000020000068                __data_end__ = .

.igot.plt       0x0000000020000068        0x0 load address 0x00000000080045a8
 .igot.plt      0x0000000020000068        0x0 FreeRTOS Source\portable\GCC\ARM_CM4F\port.o

.bss_CCMRAM     0x0000000010000000        0x0
 *(.bss.CCMRAM .bss.CCMRAM.*)

.bss            0x0000000020000068    0x12fb4
                0x0000000020000068                __bss_start__ = .
                0x0000000020000068                _sbss = .
 *(.bss_begin .bss_begin.*)
 .bss_begin     0x0000000020000068        0x4 system\src\newlib\startup.o
 *(.bss .bss.*)
 .bss.ulMaxPRIGROUPValue
                0x000000002000006c        0x4 FreeRTOS Source\portable\GCC\ARM_CM4F\port.o
 .bss.ucMaxSysCallPriority
                0x0000000020000070        0x1 FreeRTOS Source\portable\GCC\ARM_CM4F\port.o
 *fill*         0x0000000020000071        0x3 
 .bss.xBlockAllocatedBit
                0x0000000020000074        0x4 FreeRTOS Source\portable\MemMang\heap_4.o
 .bss.xMinimumEverFreeBytesRemaining
                0x0000000020000078        0x4 FreeRTOS Source\portable\MemMang\heap_4.o
 .bss.xFreeBytesRemaining
                0x000000002000007c        0x4 FreeRTOS Source\portable\MemMang\heap_4.o
 .bss.pxEnd     0x0000000020000080        0x4 FreeRTOS Source\portable\MemMang\heap_4.o
 .bss.xStart    0x0000000020000084        0x8 FreeRTOS Source\portable\MemMang\heap_4.o
 .bss.ucHeap    0x000000002000008c    0x12c00 FreeRTOS Source\portable\MemMang\heap_4.o
 .bss.xQueueRegistry
                0x0000000020012c8c       0x40 FreeRTOS Source\queue.o
                0x0000000020012c8c                xQueueRegistry
 .bss.uxSchedulerSuspended
                0x0000000020012ccc        0x4 FreeRTOS Source\tasks.o
 .bss.xIdleTaskHandle
                0x0000000020012cd0        0x4 FreeRTOS Source\tasks.o
 .bss.xNextTaskUnblockTime
                0x0000000020012cd4        0x4 FreeRTOS Source\tasks.o
 .bss.uxTaskNumber
                0x0000000020012cd8        0x4 FreeRTOS Source\tasks.o
 .bss.xNumOfOverflows
                0x0000000020012cdc        0x4 FreeRTOS Source\tasks.o
 .bss.xYieldPending
                0x0000000020012ce0        0x4 FreeRTOS Source\tasks.o
 .bss.uxPendedTicks
                0x0000000020012ce4        0x4 FreeRTOS Source\tasks.o
 .bss.xSchedulerRunning
                0x0000000020012ce8        0x4 FreeRTOS Source\tasks.o
 .bss.uxTopReadyPriority
                0x0000000020012cec        0x4 FreeRTOS Source\tasks.o
 .bss.xTickCount
                0x0000000020012cf0        0x4 FreeRTOS Source\tasks.o
 .bss.uxCurrentNumberOfTasks
                0x0000000020012cf4        0x4 FreeRTOS Source\tasks.o
 .bss.xSuspendedTaskList
                0x0000000020012cf8       0x14 FreeRTOS Source\tasks.o
 .bss.uxDeletedTasksWaitingCleanUp
                0x0000000020012d0c        0x4 FreeRTOS Source\tasks.o
 .bss.xTasksWaitingTermination
                0x0000000020012d10       0x14 FreeRTOS Source\tasks.o
 .bss.xPendingReadyList
                0x0000000020012d24       0x14 FreeRTOS Source\tasks.o
 .bss.pxOverflowDelayedTaskList
                0x0000000020012d38        0x4 FreeRTOS Source\tasks.o
 .bss.pxDelayedTaskList
                0x0000000020012d3c        0x4 FreeRTOS Source\tasks.o
 .bss.xDelayedTaskList2
                0x0000000020012d40       0x14 FreeRTOS Source\tasks.o
 .bss.xDelayedTaskList1
                0x0000000020012d54       0x14 FreeRTOS Source\tasks.o
 .bss.pxReadyTasksLists
                0x0000000020012d68       0x64 FreeRTOS Source\tasks.o
 .bss.pxCurrentTCB
                0x0000000020012dcc        0x4 FreeRTOS Source\tasks.o
                0x0000000020012dcc                pxCurrentTCB
 .bss.xLastTime.0
                0x0000000020012dd0        0x4 FreeRTOS Source\timers.o
 .bss.xTimerTaskHandle
                0x0000000020012dd4        0x4 FreeRTOS Source\timers.o
 .bss.xTimerQueue
                0x0000000020012dd8        0x4 FreeRTOS Source\timers.o
 .bss.pxOverflowTimerList
                0x0000000020012ddc        0x4 FreeRTOS Source\timers.o
 .bss.pxCurrentTimerList
                0x0000000020012de0        0x4 FreeRTOS Source\timers.o
 .bss.xActiveTimerList2
                0x0000000020012de4       0x14 FreeRTOS Source\timers.o
 .bss.xActiveTimerList1
                0x0000000020012df8       0x14 FreeRTOS Source\timers.o
 .bss.xTimer2Started
                0x0000000020012e0c        0x4 src\main.o
                0x0000000020012e0c                xTimer2Started
 .bss.xTimer1Started
                0x0000000020012e10        0x4 src\main.o
                0x0000000020012e10                xTimer1Started
 .bss.xTimer2   0x0000000020012e14        0x4 src\main.o
 .bss.xTimer1   0x0000000020012e18        0x4 src\main.o
 .bss.blinkLeds
                0x0000000020012e1c       0x40 src\main.o
                0x0000000020012e1c                blinkLeds
 .bss.buf.0     0x0000000020012e5c       0x80 system\src\diag\trace.o
 .bss.current_heap_end.0
                0x0000000020012edc        0x4 system\src\newlib\sbrk.o
 .bss.argv_buf.0
                0x0000000020012ee0       0x28 system\src\newlib\syscalls.o
 .bss.args_buf.1
                0x0000000020012f08       0x50 system\src\newlib\syscalls.o
 .bss.monitor_stderr
                0x0000000020012f58        0x4 system\src\newlib\syscalls.o
 .bss.monitor_stdout
                0x0000000020012f5c        0x4 system\src\newlib\syscalls.o
 .bss.monitor_stdin
                0x0000000020012f60        0x4 system\src\newlib\syscalls.o
 .bss.openfiles
                0x0000000020012f64       0xa0 system\src\newlib\syscalls.o
 .bss.errno     0x0000000020013004        0x4 system\src\newlib\syscalls.o
                0x0000000020013004                errno
 .bss.uwTick    0x0000000020013008        0x4 system\src\stm32f4-hal\stm32f4xx_hal.o
                0x0000000020013008                uwTick
 .bss.__malloc_sbrk_start
                0x000000002001300c        0x4 c:/users/lenovo/appdata/roaming/xpacks/@xpack-dev-tools/arm-none-eabi-gcc/12.2.1-1.2.1/.content/bin/../lib/gcc/arm-none-eabi/12.2.1/../../../../arm-none-eabi/lib/thumb/v7e-m+fp/softfp\libg_nano.a(libc_a-mallocr.o)
                0x000000002001300c                __malloc_sbrk_start
 .bss.__malloc_free_list
                0x0000000020013010        0x4 c:/users/lenovo/appdata/roaming/xpacks/@xpack-dev-tools/arm-none-eabi-gcc/12.2.1-1.2.1/.content/bin/../lib/gcc/arm-none-eabi/12.2.1/../../../../arm-none-eabi/lib/thumb/v7e-m+fp/softfp\libg_nano.a(libc_a-mallocr.o)
                0x0000000020013010                __malloc_free_list
 .bss.__lock___malloc_recursive_mutex
                0x0000000020013014        0x1 c:/users/lenovo/appdata/roaming/xpacks/@xpack-dev-tools/arm-none-eabi-gcc/12.2.1-1.2.1/.content/bin/../lib/gcc/arm-none-eabi/12.2.1/../../../../arm-none-eabi/lib/thumb/v7e-m+fp/softfp\libg_nano.a(libc_a-lock.o)
                0x0000000020013014                __lock___malloc_recursive_mutex
 *(COMMON)
 *(.bss_end .bss_end.*)
 *fill*         0x0000000020013015        0x3 
 .bss_end       0x0000000020013018        0x4 system\src\newlib\startup.o
                0x000000002001301c                . = ALIGN (0x4)
                0x000000002001301c                __bss_end__ = .
                0x000000002001301c                _ebss = .

.noinit_CCMRAM
 *(.noinit.CCMRAM .noinit.CCMRAM.*)

.noinit         0x000000002001301c        0x0
                0x000000002001301c                _noinit = .
 *(.noinit .noinit.*)
                0x000000002001301c                . = ALIGN (0x4)
                0x000000002001301c                _end_noinit = .
                [!provide]                        PROVIDE (end = _end_noinit)
                [!provide]                        PROVIDE (_end = _end_noinit)
                [!provide]                        PROVIDE (__end = _end_noinit)
                [!provide]                        PROVIDE (__end__ = _end_noinit)

._check_stack   0x000000002001301c      0x100
                0x000000002001311c                . = (. + _Minimum_Stack_Size)
 *fill*         0x000000002001301c      0x100 

.b1text
 *(.b1text)
 *(.b1rodata)
 *(.b1rodata.*)

.eb0text
 *(.eb0text)
 *(.eb0rodata)
 *(.eb0rodata.*)

.eb1text
 *(.eb1text)
 *(.eb1rodata)
 *(.eb1rodata.*)

.eb2text
 *(.eb2text)
 *(.eb2rodata)
 *(.eb2rodata.*)

.eb3text
 *(.eb3text)
 *(.eb3rodata)
 *(.eb3rodata.*)

.stab
 *(.stab)

.stabstr
 *(.stabstr)

.stab.excl
 *(.stab.excl)

.stab.exclstr
 *(.stab.exclstr)

.stab.index
 *(.stab.index)

.stab.indexstr
 *(.stab.indexstr)

.comment        0x0000000000000000       0x39
 *(.comment)
 .comment       0x0000000000000000       0x39 FreeRTOS Source\list.o
                                         0x3a (size before relaxing)
 .comment       0x0000000000000039       0x3a FreeRTOS Source\portable\GCC\ARM_CM4F\port.o
 .comment       0x0000000000000039       0x3a FreeRTOS Source\portable\MemMang\heap_4.o
 .comment       0x0000000000000039       0x3a FreeRTOS Source\queue.o
 .comment       0x0000000000000039       0x3a FreeRTOS Source\tasks.o
 .comment       0x0000000000000039       0x3a FreeRTOS Source\timers.o
 .comment       0x0000000000000039       0x3a src\initialize-hardware.o
 .comment       0x0000000000000039       0x3a src\led.o
 .comment       0x0000000000000039       0x3a src\main.o
 .comment       0x0000000000000039       0x3a src\stm32f4xx_hal_msp.o
 .comment       0x0000000000000039       0x3a system\src\cmsis\system_stm32f4xx.o
 .comment       0x0000000000000039       0x3a system\src\cmsis\vectors_stm32f407xx.o
 .comment       0x0000000000000039       0x3a system\src\cortexm\exception-handlers.o
 .comment       0x0000000000000039       0x3a system\src\cortexm\initialize-hardware.o
 .comment       0x0000000000000039       0x3a system\src\diag\trace-impl.o
 .comment       0x0000000000000039       0x3a system\src\diag\trace.o
 .comment       0x0000000000000039       0x3a system\src\newlib\sbrk.o
 .comment       0x0000000000000039       0x3a system\src\newlib\startup.o
 .comment       0x0000000000000039       0x3a system\src\newlib\syscalls.o
 .comment       0x0000000000000039       0x3a system\src\stm32f4-hal\stm32f4xx_hal.o
 .comment       0x0000000000000039       0x3a system\src\stm32f4-hal\stm32f4xx_hal_cortex.o
 .comment       0x0000000000000039       0x3a system\src\stm32f4-hal\stm32f4xx_hal_gpio.o
 .comment       0x0000000000000039       0x3a system\src\stm32f4-hal\stm32f4xx_hal_rcc.o
 .comment       0x0000000000000039       0x3a c:/users/lenovo/appdata/roaming/xpacks/@xpack-dev-tools/arm-none-eabi-gcc/12.2.1-1.2.1/.content/bin/../lib/gcc/arm-none-eabi/12.2.1/thumb/v7e-m+fp/softfp\libgcc.a(_udivmoddi4.o)
 .comment       0x0000000000000039       0x3a c:/users/lenovo/appdata/roaming/xpacks/@xpack-dev-tools/arm-none-eabi-gcc/12.2.1-1.2.1/.content/bin/../lib/gcc/arm-none-eabi/12.2.1/../../../../arm-none-eabi/lib/thumb/v7e-m+fp/softfp\libg_nano.a(libc_a-ctype_.o)
 .comment       0x0000000000000039       0x3a c:/users/lenovo/appdata/roaming/xpacks/@xpack-dev-tools/arm-none-eabi-gcc/12.2.1-1.2.1/.content/bin/../lib/gcc/arm-none-eabi/12.2.1/../../../../arm-none-eabi/lib/thumb/v7e-m+fp/softfp\libg_nano.a(libc_a-vsnprintf.o)
 .comment       0x0000000000000039       0x3a c:/users/lenovo/appdata/roaming/xpacks/@xpack-dev-tools/arm-none-eabi-gcc/12.2.1-1.2.1/.content/bin/../lib/gcc/arm-none-eabi/12.2.1/../../../../arm-none-eabi/lib/thumb/v7e-m+fp/softfp\libg_nano.a(libc_a-memset.o)
 .comment       0x0000000000000039       0x3a c:/users/lenovo/appdata/roaming/xpacks/@xpack-dev-tools/arm-none-eabi-gcc/12.2.1-1.2.1/.content/bin/../lib/gcc/arm-none-eabi/12.2.1/../../../../arm-none-eabi/lib/thumb/v7e-m+fp/softfp\libg_nano.a(libc_a-impure.o)
 .comment       0x0000000000000039       0x3a c:/users/lenovo/appdata/roaming/xpacks/@xpack-dev-tools/arm-none-eabi-gcc/12.2.1-1.2.1/.content/bin/../lib/gcc/arm-none-eabi/12.2.1/../../../../arm-none-eabi/lib/thumb/v7e-m+fp/softfp\libg_nano.a(libc_a-errno.o)
 .comment       0x0000000000000039       0x3a c:/users/lenovo/appdata/roaming/xpacks/@xpack-dev-tools/arm-none-eabi-gcc/12.2.1-1.2.1/.content/bin/../lib/gcc/arm-none-eabi/12.2.1/../../../../arm-none-eabi/lib/thumb/v7e-m+fp/softfp\libg_nano.a(libc_a-memcpy-stub.o)
 .comment       0x0000000000000039       0x3a c:/users/lenovo/appdata/roaming/xpacks/@xpack-dev-tools/arm-none-eabi-gcc/12.2.1-1.2.1/.content/bin/../lib/gcc/arm-none-eabi/12.2.1/../../../../arm-none-eabi/lib/thumb/v7e-m+fp/softfp\libg_nano.a(libc_a-nano-svfprintf.o)
 .comment       0x0000000000000039       0x3a c:/users/lenovo/appdata/roaming/xpacks/@xpack-dev-tools/arm-none-eabi-gcc/12.2.1-1.2.1/.content/bin/../lib/gcc/arm-none-eabi/12.2.1/../../../../arm-none-eabi/lib/thumb/v7e-m+fp/softfp\libg_nano.a(libc_a-nano-vfprintf_i.o)
 .comment       0x0000000000000039       0x3a c:/users/lenovo/appdata/roaming/xpacks/@xpack-dev-tools/arm-none-eabi-gcc/12.2.1-1.2.1/.content/bin/../lib/gcc/arm-none-eabi/12.2.1/../../../../arm-none-eabi/lib/thumb/v7e-m+fp/softfp\libg_nano.a(libc_a-memmove.o)
 .comment       0x0000000000000039       0x3a c:/users/lenovo/appdata/roaming/xpacks/@xpack-dev-tools/arm-none-eabi-gcc/12.2.1-1.2.1/.content/bin/../lib/gcc/arm-none-eabi/12.2.1/../../../../arm-none-eabi/lib/thumb/v7e-m+fp/softfp\libg_nano.a(libc_a-freer.o)
 .comment       0x0000000000000039       0x3a c:/users/lenovo/appdata/roaming/xpacks/@xpack-dev-tools/arm-none-eabi-gcc/12.2.1-1.2.1/.content/bin/../lib/gcc/arm-none-eabi/12.2.1/../../../../arm-none-eabi/lib/thumb/v7e-m+fp/softfp\libg_nano.a(libc_a-mallocr.o)
 .comment       0x0000000000000039       0x3a c:/users/lenovo/appdata/roaming/xpacks/@xpack-dev-tools/arm-none-eabi-gcc/12.2.1-1.2.1/.content/bin/../lib/gcc/arm-none-eabi/12.2.1/../../../../arm-none-eabi/lib/thumb/v7e-m+fp/softfp\libg_nano.a(libc_a-mlock.o)
 .comment       0x0000000000000039       0x3a c:/users/lenovo/appdata/roaming/xpacks/@xpack-dev-tools/arm-none-eabi-gcc/12.2.1-1.2.1/.content/bin/../lib/gcc/arm-none-eabi/12.2.1/../../../../arm-none-eabi/lib/thumb/v7e-m+fp/softfp\libg_nano.a(libc_a-reallocr.o)
 .comment       0x0000000000000039       0x3a c:/users/lenovo/appdata/roaming/xpacks/@xpack-dev-tools/arm-none-eabi-gcc/12.2.1-1.2.1/.content/bin/../lib/gcc/arm-none-eabi/12.2.1/../../../../arm-none-eabi/lib/thumb/v7e-m+fp/softfp\libg_nano.a(libc_a-sbrkr.o)
 .comment       0x0000000000000039       0x3a c:/users/lenovo/appdata/roaming/xpacks/@xpack-dev-tools/arm-none-eabi-gcc/12.2.1-1.2.1/.content/bin/../lib/gcc/arm-none-eabi/12.2.1/../../../../arm-none-eabi/lib/thumb/v7e-m+fp/softfp\libg_nano.a(libc_a-lock.o)
 .comment       0x0000000000000039       0x3a c:/users/lenovo/appdata/roaming/xpacks/@xpack-dev-tools/arm-none-eabi-gcc/12.2.1-1.2.1/.content/bin/../lib/gcc/arm-none-eabi/12.2.1/../../../../arm-none-eabi/lib/thumb/v7e-m+fp/softfp\libg_nano.a(libc_a-msizer.o)

.ARM.attributes
                0x0000000000000000       0x30
 .ARM.attributes
                0x0000000000000000       0x32 FreeRTOS Source\list.o
 .ARM.attributes
                0x0000000000000032       0x32 FreeRTOS Source\portable\GCC\ARM_CM4F\port.o
 .ARM.attributes
                0x0000000000000064       0x32 FreeRTOS Source\portable\MemMang\heap_4.o
 .ARM.attributes
                0x0000000000000096       0x32 FreeRTOS Source\queue.o
 .ARM.attributes
                0x00000000000000c8       0x32 FreeRTOS Source\tasks.o
 .ARM.attributes
                0x00000000000000fa       0x32 FreeRTOS Source\timers.o
 .ARM.attributes
                0x000000000000012c       0x32 src\initialize-hardware.o
 .ARM.attributes
                0x000000000000015e       0x32 src\led.o
 .ARM.attributes
                0x0000000000000190       0x32 src\main.o
 .ARM.attributes
                0x00000000000001c2       0x32 src\stm32f4xx_hal_msp.o
 .ARM.attributes
                0x00000000000001f4       0x32 system\src\cmsis\system_stm32f4xx.o
 .ARM.attributes
                0x0000000000000226       0x32 system\src\cmsis\vectors_stm32f407xx.o
 .ARM.attributes
                0x0000000000000258       0x32 system\src\cortexm\exception-handlers.o
 .ARM.attributes
                0x000000000000028a       0x32 system\src\cortexm\initialize-hardware.o
 .ARM.attributes
                0x00000000000002bc       0x32 system\src\diag\trace-impl.o
 .ARM.attributes
                0x00000000000002ee       0x32 system\src\diag\trace.o
 .ARM.attributes
                0x0000000000000320       0x32 system\src\newlib\sbrk.o
 .ARM.attributes
                0x0000000000000352       0x32 system\src\newlib\startup.o
 .ARM.attributes
                0x0000000000000384       0x32 system\src\newlib\syscalls.o
 .ARM.attributes
                0x00000000000003b6       0x32 system\src\stm32f4-hal\stm32f4xx_hal.o
 .ARM.attributes
                0x00000000000003e8       0x32 system\src\stm32f4-hal\stm32f4xx_hal_cortex.o
 .ARM.attributes
                0x000000000000041a       0x32 system\src\stm32f4-hal\stm32f4xx_hal_gpio.o
 .ARM.attributes
                0x000000000000044c       0x32 system\src\stm32f4-hal\stm32f4xx_hal_rcc.o
 .ARM.attributes
                0x000000000000047e       0x22 c:/users/lenovo/appdata/roaming/xpacks/@xpack-dev-tools/arm-none-eabi-gcc/12.2.1-1.2.1/.content/bin/../lib/gcc/arm-none-eabi/12.2.1/thumb/v7e-m+fp/softfp\libgcc.a(_aeabi_uldivmod.o)
 .ARM.attributes
                0x00000000000004a0       0x32 c:/users/lenovo/appdata/roaming/xpacks/@xpack-dev-tools/arm-none-eabi-gcc/12.2.1-1.2.1/.content/bin/../lib/gcc/arm-none-eabi/12.2.1/thumb/v7e-m+fp/softfp\libgcc.a(_udivmoddi4.o)
 .ARM.attributes
                0x00000000000004d2       0x22 c:/users/lenovo/appdata/roaming/xpacks/@xpack-dev-tools/arm-none-eabi-gcc/12.2.1-1.2.1/.content/bin/../lib/gcc/arm-none-eabi/12.2.1/thumb/v7e-m+fp/softfp\libgcc.a(_dvmd_tls.o)
 .ARM.attributes
                0x00000000000004f4       0x32 c:/users/lenovo/appdata/roaming/xpacks/@xpack-dev-tools/arm-none-eabi-gcc/12.2.1-1.2.1/.content/bin/../lib/gcc/arm-none-eabi/12.2.1/../../../../arm-none-eabi/lib/thumb/v7e-m+fp/softfp\libg_nano.a(libc_a-ctype_.o)
 .ARM.attributes
                0x0000000000000526       0x32 c:/users/lenovo/appdata/roaming/xpacks/@xpack-dev-tools/arm-none-eabi-gcc/12.2.1-1.2.1/.content/bin/../lib/gcc/arm-none-eabi/12.2.1/../../../../arm-none-eabi/lib/thumb/v7e-m+fp/softfp\libg_nano.a(libc_a-vsnprintf.o)
 .ARM.attributes
                0x0000000000000558       0x32 c:/users/lenovo/appdata/roaming/xpacks/@xpack-dev-tools/arm-none-eabi-gcc/12.2.1-1.2.1/.content/bin/../lib/gcc/arm-none-eabi/12.2.1/../../../../arm-none-eabi/lib/thumb/v7e-m+fp/softfp\libg_nano.a(libc_a-memset.o)
 .ARM.attributes
                0x000000000000058a       0x32 c:/users/lenovo/appdata/roaming/xpacks/@xpack-dev-tools/arm-none-eabi-gcc/12.2.1-1.2.1/.content/bin/../lib/gcc/arm-none-eabi/12.2.1/../../../../arm-none-eabi/lib/thumb/v7e-m+fp/softfp\libg_nano.a(libc_a-impure.o)
 .ARM.attributes
                0x00000000000005bc       0x32 c:/users/lenovo/appdata/roaming/xpacks/@xpack-dev-tools/arm-none-eabi-gcc/12.2.1-1.2.1/.content/bin/../lib/gcc/arm-none-eabi/12.2.1/../../../../arm-none-eabi/lib/thumb/v7e-m+fp/softfp\libg_nano.a(libc_a-errno.o)
 .ARM.attributes
                0x00000000000005ee       0x20 c:/users/lenovo/appdata/roaming/xpacks/@xpack-dev-tools/arm-none-eabi-gcc/12.2.1-1.2.1/.content/bin/../lib/gcc/arm-none-eabi/12.2.1/../../../../arm-none-eabi/lib/thumb/v7e-m+fp/softfp\libg_nano.a(libc_a-strcmp.o)
 .ARM.attributes
                0x000000000000060e       0x32 c:/users/lenovo/appdata/roaming/xpacks/@xpack-dev-tools/arm-none-eabi-gcc/12.2.1-1.2.1/.content/bin/../lib/gcc/arm-none-eabi/12.2.1/../../../../arm-none-eabi/lib/thumb/v7e-m+fp/softfp\libg_nano.a(libc_a-memcpy-stub.o)
 .ARM.attributes
                0x0000000000000640       0x17 c:/users/lenovo/appdata/roaming/xpacks/@xpack-dev-tools/arm-none-eabi-gcc/12.2.1-1.2.1/.content/bin/../lib/gcc/arm-none-eabi/12.2.1/../../../../arm-none-eabi/lib/thumb/v7e-m+fp/softfp\libg_nano.a(libc_a-strlen.o)
 .ARM.attributes
                0x0000000000000657       0x32 c:/users/lenovo/appdata/roaming/xpacks/@xpack-dev-tools/arm-none-eabi-gcc/12.2.1-1.2.1/.content/bin/../lib/gcc/arm-none-eabi/12.2.1/../../../../arm-none-eabi/lib/thumb/v7e-m+fp/softfp\libg_nano.a(libc_a-nano-svfprintf.o)
 .ARM.attributes
                0x0000000000000689       0x32 c:/users/lenovo/appdata/roaming/xpacks/@xpack-dev-tools/arm-none-eabi-gcc/12.2.1-1.2.1/.content/bin/../lib/gcc/arm-none-eabi/12.2.1/../../../../arm-none-eabi/lib/thumb/v7e-m+fp/softfp\libg_nano.a(libc_a-nano-vfprintf_i.o)
 .ARM.attributes
                0x00000000000006bb       0x32 c:/users/lenovo/appdata/roaming/xpacks/@xpack-dev-tools/arm-none-eabi-gcc/12.2.1-1.2.1/.content/bin/../lib/gcc/arm-none-eabi/12.2.1/../../../../arm-none-eabi/lib/thumb/v7e-m+fp/softfp\libg_nano.a(libc_a-memmove.o)
 .ARM.attributes
                0x00000000000006ed       0x1c c:/users/lenovo/appdata/roaming/xpacks/@xpack-dev-tools/arm-none-eabi-gcc/12.2.1-1.2.1/.content/bin/../lib/gcc/arm-none-eabi/12.2.1/../../../../arm-none-eabi/lib/thumb/v7e-m+fp/softfp\libg_nano.a(libc_a-memchr.o)
 .ARM.attributes
                0x0000000000000709       0x32 c:/users/lenovo/appdata/roaming/xpacks/@xpack-dev-tools/arm-none-eabi-gcc/12.2.1-1.2.1/.content/bin/../lib/gcc/arm-none-eabi/12.2.1/../../../../arm-none-eabi/lib/thumb/v7e-m+fp/softfp\libg_nano.a(libc_a-freer.o)
 .ARM.attributes
                0x000000000000073b       0x32 c:/users/lenovo/appdata/roaming/xpacks/@xpack-dev-tools/arm-none-eabi-gcc/12.2.1-1.2.1/.content/bin/../lib/gcc/arm-none-eabi/12.2.1/../../../../arm-none-eabi/lib/thumb/v7e-m+fp/softfp\libg_nano.a(libc_a-mallocr.o)
 .ARM.attributes
                0x000000000000076d       0x32 c:/users/lenovo/appdata/roaming/xpacks/@xpack-dev-tools/arm-none-eabi-gcc/12.2.1-1.2.1/.content/bin/../lib/gcc/arm-none-eabi/12.2.1/../../../../arm-none-eabi/lib/thumb/v7e-m+fp/softfp\libg_nano.a(libc_a-mlock.o)
 .ARM.attributes
                0x000000000000079f       0x32 c:/users/lenovo/appdata/roaming/xpacks/@xpack-dev-tools/arm-none-eabi-gcc/12.2.1-1.2.1/.content/bin/../lib/gcc/arm-none-eabi/12.2.1/../../../../arm-none-eabi/lib/thumb/v7e-m+fp/softfp\libg_nano.a(libc_a-reallocr.o)
 .ARM.attributes
                0x00000000000007d1       0x32 c:/users/lenovo/appdata/roaming/xpacks/@xpack-dev-tools/arm-none-eabi-gcc/12.2.1-1.2.1/.content/bin/../lib/gcc/arm-none-eabi/12.2.1/../../../../arm-none-eabi/lib/thumb/v7e-m+fp/softfp\libg_nano.a(libc_a-sbrkr.o)
 .ARM.attributes
                0x0000000000000803       0x32 c:/users/lenovo/appdata/roaming/xpacks/@xpack-dev-tools/arm-none-eabi-gcc/12.2.1-1.2.1/.content/bin/../lib/gcc/arm-none-eabi/12.2.1/../../../../arm-none-eabi/lib/thumb/v7e-m+fp/softfp\libg_nano.a(libc_a-lock.o)
 .ARM.attributes
                0x0000000000000835       0x32 c:/users/lenovo/appdata/roaming/xpacks/@xpack-dev-tools/arm-none-eabi-gcc/12.2.1-1.2.1/.content/bin/../lib/gcc/arm-none-eabi/12.2.1/../../../../arm-none-eabi/lib/thumb/v7e-m+fp/softfp\libg_nano.a(libc_a-msizer.o)

.debug
 *(.debug)

.line
 *(.line)

.debug_srcinfo
 *(.debug_srcinfo)

.debug_sfnames
 *(.debug_sfnames)

.debug_aranges  0x0000000000000000      0xbb8
 *(.debug_aranges)
 .debug_aranges
                0x0000000000000000       0x40 FreeRTOS Source\list.o
 .debug_aranges
                0x0000000000000040       0x78 FreeRTOS Source\portable\GCC\ARM_CM4F\port.o
 .debug_aranges
                0x00000000000000b8       0x50 FreeRTOS Source\portable\MemMang\heap_4.o
 .debug_aranges
                0x0000000000000108      0x118 FreeRTOS Source\queue.o
 .debug_aranges
                0x0000000000000220      0x1d8 FreeRTOS Source\tasks.o
 .debug_aranges
                0x00000000000003f8       0xb8 FreeRTOS Source\timers.o
 .debug_aranges
                0x00000000000004b0       0x30 src\initialize-hardware.o
 .debug_aranges
                0x00000000000004e0       0x48 src\led.o
 .debug_aranges
                0x0000000000000528       0x60 src\main.o
 .debug_aranges
                0x0000000000000588       0x38 src\stm32f4xx_hal_msp.o
 .debug_aranges
                0x00000000000005c0       0x28 system\src\cmsis\system_stm32f4xx.o
 .debug_aranges
                0x00000000000005e8       0x20 system\src\cmsis\vectors_stm32f407xx.o
 .debug_aranges
                0x0000000000000608       0x98 system\src\cortexm\exception-handlers.o
 .debug_aranges
                0x00000000000006a0       0x28 system\src\cortexm\initialize-hardware.o
 .debug_aranges
                0x00000000000006c8       0x30 system\src\diag\trace-impl.o
 .debug_aranges
                0x00000000000006f8       0x38 system\src\diag\trace.o
 .debug_aranges
                0x0000000000000730       0x20 system\src\newlib\sbrk.o
 .debug_aranges
                0x0000000000000750       0x40 system\src\newlib\startup.o
 .debug_aranges
                0x0000000000000790      0x120 system\src\newlib\syscalls.o
 .debug_aranges
                0x00000000000008b0       0xf0 system\src\stm32f4-hal\stm32f4xx_hal.o
 .debug_aranges
                0x00000000000009a0       0xd8 system\src\stm32f4-hal\stm32f4xx_hal_cortex.o
 .debug_aranges
                0x0000000000000a78       0x58 system\src\stm32f4-hal\stm32f4xx_hal_gpio.o
 .debug_aranges
                0x0000000000000ad0       0x88 system\src\stm32f4-hal\stm32f4xx_hal_rcc.o
 .debug_aranges
                0x0000000000000b58       0x20 c:/users/lenovo/appdata/roaming/xpacks/@xpack-dev-tools/arm-none-eabi-gcc/12.2.1-1.2.1/.content/bin/../lib/gcc/arm-none-eabi/12.2.1/thumb/v7e-m+fp/softfp\libgcc.a(_aeabi_uldivmod.o)
 .debug_aranges
                0x0000000000000b78       0x20 c:/users/lenovo/appdata/roaming/xpacks/@xpack-dev-tools/arm-none-eabi-gcc/12.2.1-1.2.1/.content/bin/../lib/gcc/arm-none-eabi/12.2.1/thumb/v7e-m+fp/softfp\libgcc.a(_udivmoddi4.o)
 .debug_aranges
                0x0000000000000b98       0x20 c:/users/lenovo/appdata/roaming/xpacks/@xpack-dev-tools/arm-none-eabi-gcc/12.2.1-1.2.1/.content/bin/../lib/gcc/arm-none-eabi/12.2.1/thumb/v7e-m+fp/softfp\libgcc.a(_dvmd_tls.o)

.debug_pubnames
 *(.debug_pubnames)

.debug_info     0x0000000000000000     0xec9e
 *(.debug_info .gnu.linkonce.wi.*)
 .debug_info    0x0000000000000000      0x2b9 FreeRTOS Source\list.o
 .debug_info    0x00000000000002b9      0x50e FreeRTOS Source\portable\GCC\ARM_CM4F\port.o
 .debug_info    0x00000000000007c7      0x497 FreeRTOS Source\portable\MemMang\heap_4.o
 .debug_info    0x0000000000000c5e     0x1ca2 FreeRTOS Source\queue.o
 .debug_info    0x0000000000002900     0x2b35 FreeRTOS Source\tasks.o
 .debug_info    0x0000000000005435     0x125a FreeRTOS Source\timers.o
 .debug_info    0x000000000000668f      0x5a8 src\initialize-hardware.o
 .debug_info    0x0000000000006c37      0x4be src\led.o
 .debug_info    0x00000000000070f5      0x80e src\main.o
 .debug_info    0x0000000000007903       0xb8 src\stm32f4xx_hal_msp.o
 .debug_info    0x00000000000079bb      0x52b system\src\cmsis\system_stm32f4xx.o
 .debug_info    0x0000000000007ee6      0x10b system\src\cmsis\vectors_stm32f407xx.o
 .debug_info    0x0000000000007ff1      0x9fa system\src\cortexm\exception-handlers.o
 .debug_info    0x00000000000089eb      0x292 system\src\cortexm\initialize-hardware.o
 .debug_info    0x0000000000008c7d      0x319 system\src\diag\trace-impl.o
 .debug_info    0x0000000000008f96      0x341 system\src\diag\trace.o
 .debug_info    0x00000000000092d7      0x10f system\src\newlib\sbrk.o
 .debug_info    0x00000000000093e6      0x55b system\src\newlib\startup.o
 .debug_info    0x0000000000009941     0x19ea system\src\newlib\syscalls.o
 .debug_info    0x000000000000b32b      0xa42 system\src\stm32f4-hal\stm32f4xx_hal.o
 .debug_info    0x000000000000bd6d     0x1220 system\src\stm32f4-hal\stm32f4xx_hal_cortex.o
 .debug_info    0x000000000000cf8d      0x899 system\src\stm32f4-hal\stm32f4xx_hal_gpio.o
 .debug_info    0x000000000000d826      0xd1e system\src\stm32f4-hal\stm32f4xx_hal_rcc.o
 .debug_info    0x000000000000e544       0x24 c:/users/lenovo/appdata/roaming/xpacks/@xpack-dev-tools/arm-none-eabi-gcc/12.2.1-1.2.1/.content/bin/../lib/gcc/arm-none-eabi/12.2.1/thumb/v7e-m+fp/softfp\libgcc.a(_aeabi_uldivmod.o)
 .debug_info    0x000000000000e568      0x6fd c:/users/lenovo/appdata/roaming/xpacks/@xpack-dev-tools/arm-none-eabi-gcc/12.2.1-1.2.1/.content/bin/../lib/gcc/arm-none-eabi/12.2.1/thumb/v7e-m+fp/softfp\libgcc.a(_udivmoddi4.o)
 .debug_info    0x000000000000ec65       0x39 c:/users/lenovo/appdata/roaming/xpacks/@xpack-dev-tools/arm-none-eabi-gcc/12.2.1-1.2.1/.content/bin/../lib/gcc/arm-none-eabi/12.2.1/thumb/v7e-m+fp/softfp\libgcc.a(_dvmd_tls.o)

.debug_abbrev   0x0000000000000000     0x3321
 *(.debug_abbrev)
 .debug_abbrev  0x0000000000000000      0x105 FreeRTOS Source\list.o
 .debug_abbrev  0x0000000000000105      0x239 FreeRTOS Source\portable\GCC\ARM_CM4F\port.o
 .debug_abbrev  0x000000000000033e      0x258 FreeRTOS Source\portable\MemMang\heap_4.o
 .debug_abbrev  0x0000000000000596      0x35f FreeRTOS Source\queue.o
 .debug_abbrev  0x00000000000008f5      0x3eb FreeRTOS Source\tasks.o
 .debug_abbrev  0x0000000000000ce0      0x2a8 FreeRTOS Source\timers.o
 .debug_abbrev  0x0000000000000f88      0x216 src\initialize-hardware.o
 .debug_abbrev  0x000000000000119e      0x1e5 src\led.o
 .debug_abbrev  0x0000000000001383      0x25f src\main.o
 .debug_abbrev  0x00000000000015e2       0x47 src\stm32f4xx_hal_msp.o
 .debug_abbrev  0x0000000000001629      0x120 system\src\cmsis\system_stm32f4xx.o
 .debug_abbrev  0x0000000000001749       0xb8 system\src\cmsis\vectors_stm32f407xx.o
 .debug_abbrev  0x0000000000001801      0x2c4 system\src\cortexm\exception-handlers.o
 .debug_abbrev  0x0000000000001ac5      0x104 system\src\cortexm\initialize-hardware.o
 .debug_abbrev  0x0000000000001bc9      0x1e6 system\src\diag\trace-impl.o
 .debug_abbrev  0x0000000000001daf      0x17d system\src\diag\trace.o
 .debug_abbrev  0x0000000000001f2c       0xcc system\src\newlib\sbrk.o
 .debug_abbrev  0x0000000000001ff8      0x25a system\src\newlib\startup.o
 .debug_abbrev  0x0000000000002252      0x3ce system\src\newlib\syscalls.o
 .debug_abbrev  0x0000000000002620      0x248 system\src\stm32f4-hal\stm32f4xx_hal.o
 .debug_abbrev  0x0000000000002868      0x400 system\src\stm32f4-hal\stm32f4xx_hal_cortex.o
 .debug_abbrev  0x0000000000002c68      0x23f system\src\stm32f4-hal\stm32f4xx_hal_gpio.o
 .debug_abbrev  0x0000000000002ea7      0x2dd system\src\stm32f4-hal\stm32f4xx_hal_rcc.o
 .debug_abbrev  0x0000000000003184       0x14 c:/users/lenovo/appdata/roaming/xpacks/@xpack-dev-tools/arm-none-eabi-gcc/12.2.1-1.2.1/.content/bin/../lib/gcc/arm-none-eabi/12.2.1/thumb/v7e-m+fp/softfp\libgcc.a(_aeabi_uldivmod.o)
 .debug_abbrev  0x0000000000003198      0x16a c:/users/lenovo/appdata/roaming/xpacks/@xpack-dev-tools/arm-none-eabi-gcc/12.2.1-1.2.1/.content/bin/../lib/gcc/arm-none-eabi/12.2.1/thumb/v7e-m+fp/softfp\libgcc.a(_udivmoddi4.o)
 .debug_abbrev  0x0000000000003302       0x1f c:/users/lenovo/appdata/roaming/xpacks/@xpack-dev-tools/arm-none-eabi-gcc/12.2.1-1.2.1/.content/bin/../lib/gcc/arm-none-eabi/12.2.1/thumb/v7e-m+fp/softfp\libgcc.a(_dvmd_tls.o)

.debug_line     0x0000000000000000    0x13174
 *(.debug_line)
 .debug_line    0x0000000000000000      0x620 FreeRTOS Source\list.o
 .debug_line    0x0000000000000620      0x863 FreeRTOS Source\portable\GCC\ARM_CM4F\port.o
 .debug_line    0x0000000000000e83      0x924 FreeRTOS Source\portable\MemMang\heap_4.o
 .debug_line    0x00000000000017a7     0x1a38 FreeRTOS Source\queue.o
 .debug_line    0x00000000000031df     0x2897 FreeRTOS Source\tasks.o
 .debug_line    0x0000000000005a76      0xd8a FreeRTOS Source\timers.o
 .debug_line    0x0000000000006800      0xc13 src\initialize-hardware.o
 .debug_line    0x0000000000007413      0xb7f src\led.o
 .debug_line    0x0000000000007f92      0x769 src\main.o
 .debug_line    0x00000000000086fb      0xa56 src\stm32f4xx_hal_msp.o
 .debug_line    0x0000000000009151      0xaf8 system\src\cmsis\system_stm32f4xx.o
 .debug_line    0x0000000000009c49      0x2fe system\src\cmsis\vectors_stm32f407xx.o
 .debug_line    0x0000000000009f47      0xfe5 system\src\cortexm\exception-handlers.o
 .debug_line    0x000000000000af2c      0xa66 system\src\cortexm\initialize-hardware.o
 .debug_line    0x000000000000b992      0xc52 system\src\diag\trace-impl.o
 .debug_line    0x000000000000c5e4      0x4e5 system\src\diag\trace.o
 .debug_line    0x000000000000cac9      0x3fb system\src\newlib\sbrk.o
 .debug_line    0x000000000000cec4      0x68e system\src\newlib\startup.o
 .debug_line    0x000000000000d552     0x1182 system\src\newlib\syscalls.o
 .debug_line    0x000000000000e6d4      0xda4 system\src\stm32f4-hal\stm32f4xx_hal.o
 .debug_line    0x000000000000f478     0x1224 system\src\stm32f4-hal\stm32f4xx_hal_cortex.o
 .debug_line    0x000000000001069c     0x1041 system\src\stm32f4-hal\stm32f4xx_hal_gpio.o
 .debug_line    0x00000000000116dd     0x144a system\src\stm32f4-hal\stm32f4xx_hal_rcc.o
 .debug_line    0x0000000000012b27       0x4e c:/users/lenovo/appdata/roaming/xpacks/@xpack-dev-tools/arm-none-eabi-gcc/12.2.1-1.2.1/.content/bin/../lib/gcc/arm-none-eabi/12.2.1/thumb/v7e-m+fp/softfp\libgcc.a(_aeabi_uldivmod.o)
 .debug_line    0x0000000000012b75      0x5b5 c:/users/lenovo/appdata/roaming/xpacks/@xpack-dev-tools/arm-none-eabi-gcc/12.2.1-1.2.1/.content/bin/../lib/gcc/arm-none-eabi/12.2.1/thumb/v7e-m+fp/softfp\libgcc.a(_udivmoddi4.o)
 .debug_line    0x000000000001312a       0x4a c:/users/lenovo/appdata/roaming/xpacks/@xpack-dev-tools/arm-none-eabi-gcc/12.2.1-1.2.1/.content/bin/../lib/gcc/arm-none-eabi/12.2.1/thumb/v7e-m+fp/softfp\libgcc.a(_dvmd_tls.o)

.debug_frame    0x0000000000000000     0x1df8
 *(.debug_frame)
 .debug_frame   0x0000000000000000       0x70 FreeRTOS Source\list.o
 .debug_frame   0x0000000000000070       0xf0 FreeRTOS Source\portable\GCC\ARM_CM4F\port.o
 .debug_frame   0x0000000000000160       0xb0 FreeRTOS Source\portable\MemMang\heap_4.o
 .debug_frame   0x0000000000000210      0x378 FreeRTOS Source\queue.o
 .debug_frame   0x0000000000000588      0x5d4 FreeRTOS Source\tasks.o
 .debug_frame   0x0000000000000b5c      0x234 FreeRTOS Source\timers.o
 .debug_frame   0x0000000000000d90       0x60 src\initialize-hardware.o
 .debug_frame   0x0000000000000df0       0x8c src\led.o
 .debug_frame   0x0000000000000e7c       0xd0 src\main.o
 .debug_frame   0x0000000000000f4c       0x50 src\stm32f4xx_hal_msp.o
 .debug_frame   0x0000000000000f9c       0x30 system\src\cmsis\system_stm32f4xx.o
 .debug_frame   0x0000000000000fcc       0x20 system\src\cmsis\vectors_stm32f407xx.o
 .debug_frame   0x0000000000000fec      0x174 system\src\cortexm\exception-handlers.o
 .debug_frame   0x0000000000001160       0x40 system\src\cortexm\initialize-hardware.o
 .debug_frame   0x00000000000011a0       0x64 system\src\diag\trace-impl.o
 .debug_frame   0x0000000000001204       0x94 system\src\diag\trace.o
 .debug_frame   0x0000000000001298       0x28 system\src\newlib\sbrk.o
 .debug_frame   0x00000000000012c0       0x7c system\src\newlib\startup.o
 .debug_frame   0x000000000000133c      0x3d0 system\src\newlib\syscalls.o
 .debug_frame   0x000000000000170c      0x1f0 system\src\stm32f4-hal\stm32f4xx_hal.o
 .debug_frame   0x00000000000018fc      0x214 system\src\stm32f4-hal\stm32f4xx_hal_cortex.o
 .debug_frame   0x0000000000001b10       0xfc system\src\stm32f4-hal\stm32f4xx_hal_gpio.o
 .debug_frame   0x0000000000001c0c      0x16c system\src\stm32f4-hal\stm32f4xx_hal_rcc.o
 .debug_frame   0x0000000000001d78       0x2c c:/users/lenovo/appdata/roaming/xpacks/@xpack-dev-tools/arm-none-eabi-gcc/12.2.1-1.2.1/.content/bin/../lib/gcc/arm-none-eabi/12.2.1/thumb/v7e-m+fp/softfp\libgcc.a(_aeabi_uldivmod.o)
 .debug_frame   0x0000000000001da4       0x34 c:/users/lenovo/appdata/roaming/xpacks/@xpack-dev-tools/arm-none-eabi-gcc/12.2.1-1.2.1/.content/bin/../lib/gcc/arm-none-eabi/12.2.1/thumb/v7e-m+fp/softfp\libgcc.a(_udivmoddi4.o)
 .debug_frame   0x0000000000001dd8       0x20 c:/users/lenovo/appdata/roaming/xpacks/@xpack-dev-tools/arm-none-eabi-gcc/12.2.1-1.2.1/.content/bin/../lib/gcc/arm-none-eabi/12.2.1/../../../../arm-none-eabi/lib/thumb/v7e-m+fp/softfp\libg_nano.a(libc_a-strcmp.o)

.debug_str      0x0000000000000000    0xff167
 *(.debug_str)
 .debug_str     0x0000000000000000     0x9c11 FreeRTOS Source\list.o
                                       0x9e2b (size before relaxing)
 .debug_str     0x0000000000009c11      0xe12 FreeRTOS Source\portable\GCC\ARM_CM4F\port.o
                                       0x7f59 (size before relaxing)
 .debug_str     0x000000000000aa23      0x2c7 FreeRTOS Source\portable\MemMang\heap_4.o
                                       0xa593 (size before relaxing)
 .debug_str     0x000000000000acea     0x10d5 FreeRTOS Source\queue.o
                                       0xb5c1 (size before relaxing)
 .debug_str     0x000000000000bdbf     0x1b7b FreeRTOS Source\tasks.o
                                       0xc333 (size before relaxing)
 .debug_str     0x000000000000d93a      0x3fd FreeRTOS Source\timers.o
                                       0xb9ba (size before relaxing)
 .debug_str     0x000000000000dd37    0xebdf6 src\initialize-hardware.o
                                      0xf1969 (size before relaxing)
 .debug_str     0x00000000000f9b2d      0x1e5 src\led.o
                                      0xee5f9 (size before relaxing)
 .debug_str     0x00000000000f9d12      0x97a src\main.o
                                       0xd706 (size before relaxing)
 .debug_str     0x00000000000fa68c       0x57 src\stm32f4xx_hal_msp.o
                                      0xee350 (size before relaxing)
 .debug_str     0x00000000000fa6e3       0xd2 system\src\cmsis\system_stm32f4xx.o
                                      0xee513 (size before relaxing)
 .debug_str     0x00000000000fa7b5      0x112 system\src\cmsis\vectors_stm32f407xx.o
                                       0x3e7c (size before relaxing)
 .debug_str     0x00000000000fa8c7      0x3df system\src\cortexm\exception-handlers.o
                                      0xf2ce5 (size before relaxing)
 .debug_str     0x00000000000faca6       0x58 system\src\cortexm\initialize-hardware.o
                                      0xee425 (size before relaxing)
 .debug_str     0x00000000000facfe       0xa6 system\src\diag\trace-impl.o
                                      0xf1997 (size before relaxing)
 .debug_str     0x00000000000fada4      0x151 system\src\diag\trace.o
                                       0x839f (size before relaxing)
 .debug_str     0x00000000000faef5      0x35f system\src\newlib\sbrk.o
                                       0x700e (size before relaxing)
 .debug_str     0x00000000000fb254      0x29a system\src\newlib\startup.o
                                       0x66de (size before relaxing)
 .debug_str     0x00000000000fb4ee     0x228c system\src\newlib\syscalls.o
                                       0xb685 (size before relaxing)
 .debug_str     0x00000000000fd77a      0xae8 system\src\stm32f4-hal\stm32f4xx_hal.o
                                      0xef090 (size before relaxing)
 .debug_str     0x00000000000fe262      0x33d system\src\stm32f4-hal\stm32f4xx_hal_cortex.o
                                      0xeedc5 (size before relaxing)
 .debug_str     0x00000000000fe59f      0x210 system\src\stm32f4-hal\stm32f4xx_hal_gpio.o
                                      0xee722 (size before relaxing)
 .debug_str     0x00000000000fe7af      0x236 system\src\stm32f4-hal\stm32f4xx_hal_rcc.o
                                      0xee93f (size before relaxing)
 .debug_str     0x00000000000fe9e5      0x122 c:/users/lenovo/appdata/roaming/xpacks/@xpack-dev-tools/arm-none-eabi-gcc/12.2.1-1.2.1/.content/bin/../lib/gcc/arm-none-eabi/12.2.1/thumb/v7e-m+fp/softfp\libgcc.a(_aeabi_uldivmod.o)
 .debug_str     0x00000000000feb07      0x5d5 c:/users/lenovo/appdata/roaming/xpacks/@xpack-dev-tools/arm-none-eabi-gcc/12.2.1-1.2.1/.content/bin/../lib/gcc/arm-none-eabi/12.2.1/thumb/v7e-m+fp/softfp\libgcc.a(_udivmoddi4.o)
                                        0x72e (size before relaxing)
 .debug_str     0x00000000000ff0dc       0x8b c:/users/lenovo/appdata/roaming/xpacks/@xpack-dev-tools/arm-none-eabi-gcc/12.2.1-1.2.1/.content/bin/../lib/gcc/arm-none-eabi/12.2.1/thumb/v7e-m+fp/softfp\libgcc.a(_dvmd_tls.o)
                                        0x142 (size before relaxing)

.debug_loc
 *(.debug_loc)

.debug_macinfo
 *(.debug_macinfo)

.debug_weaknames
 *(.debug_weaknames)

.debug_funcnames
 *(.debug_funcnames)

.debug_typenames
 *(.debug_typenames)

.debug_varnames
 *(.debug_varnames)
OUTPUT(Demo.elf elf32-littlearm)
LOAD linker stubs

.debug_loclists
                0x0000000000000000     0x5664
 .debug_loclists
                0x0000000000000000       0x6f FreeRTOS Source\list.o
 .debug_loclists
                0x000000000000006f       0xbb FreeRTOS Source\portable\GCC\ARM_CM4F\port.o
 .debug_loclists
                0x000000000000012a      0x226 FreeRTOS Source\portable\MemMang\heap_4.o
 .debug_loclists
                0x0000000000000350      0xbaa FreeRTOS Source\queue.o
 .debug_loclists
                0x0000000000000efa     0x130e FreeRTOS Source\tasks.o
 .debug_loclists
                0x0000000000002208      0x72c FreeRTOS Source\timers.o
 .debug_loclists
                0x0000000000002934       0x48 src\initialize-hardware.o
 .debug_loclists
                0x000000000000297c       0x54 src\led.o
 .debug_loclists
                0x00000000000029d0       0x95 src\main.o
 .debug_loclists
                0x0000000000002a65       0xdb system\src\cmsis\system_stm32f4xx.o
 .debug_loclists
                0x0000000000002b40      0x33e system\src\cortexm\exception-handlers.o
 .debug_loclists
                0x0000000000002e7e       0xf5 system\src\diag\trace-impl.o
 .debug_loclists
                0x0000000000002f73       0xb2 system\src\diag\trace.o
 .debug_loclists
                0x0000000000003025       0x69 system\src\newlib\sbrk.o
 .debug_loclists
                0x000000000000308e      0x2b7 system\src\newlib\startup.o
 .debug_loclists
                0x0000000000003345      0xbfa system\src\newlib\syscalls.o
 .debug_loclists
                0x0000000000003f3f       0xbe system\src\stm32f4-hal\stm32f4xx_hal.o
 .debug_loclists
                0x0000000000003ffd      0x4ce system\src\stm32f4-hal\stm32f4xx_hal_cortex.o
 .debug_loclists
                0x00000000000044cb      0x434 system\src\stm32f4-hal\stm32f4xx_hal_gpio.o
 .debug_loclists
                0x00000000000048ff      0x3a8 system\src\stm32f4-hal\stm32f4xx_hal_rcc.o
 .debug_loclists
                0x0000000000004ca7      0x9bd c:/users/lenovo/appdata/roaming/xpacks/@xpack-dev-tools/arm-none-eabi-gcc/12.2.1-1.2.1/.content/bin/../lib/gcc/arm-none-eabi/12.2.1/thumb/v7e-m+fp/softfp\libgcc.a(_udivmoddi4.o)

.debug_rnglists
                0x0000000000000000      0xa38
 .debug_rnglists
                0x0000000000000000       0x2b FreeRTOS Source\list.o
 .debug_rnglists
                0x000000000000002b       0x63 FreeRTOS Source\portable\GCC\ARM_CM4F\port.o
 .debug_rnglists
                0x000000000000008e       0x38 FreeRTOS Source\portable\MemMang\heap_4.o
 .debug_rnglists
                0x00000000000000c6      0x110 FreeRTOS Source\queue.o
 .debug_rnglists
                0x00000000000001d6      0x1ff FreeRTOS Source\tasks.o
 .debug_rnglists
                0x00000000000003d5       0x86 FreeRTOS Source\timers.o
 .debug_rnglists
                0x000000000000045b       0x20 src\initialize-hardware.o
 .debug_rnglists
                0x000000000000047b       0x31 src\led.o
 .debug_rnglists
                0x00000000000004ac       0x44 src\main.o
 .debug_rnglists
                0x00000000000004f0       0x25 src\stm32f4xx_hal_msp.o
 .debug_rnglists
                0x0000000000000515       0x1a system\src\cmsis\system_stm32f4xx.o
 .debug_rnglists
                0x000000000000052f       0x13 system\src\cmsis\vectors_stm32f407xx.o
 .debug_rnglists
                0x0000000000000542       0x6f system\src\cortexm\exception-handlers.o
 .debug_rnglists
                0x00000000000005b1       0x19 system\src\cortexm\initialize-hardware.o
 .debug_rnglists
                0x00000000000005ca       0x2b system\src\diag\trace-impl.o
 .debug_rnglists
                0x00000000000005f5       0x25 system\src\diag\trace.o
 .debug_rnglists
                0x000000000000061a       0x13 system\src\newlib\sbrk.o
 .debug_rnglists
                0x000000000000062d       0x50 system\src\newlib\startup.o
 .debug_rnglists
                0x000000000000067d       0xe3 system\src\newlib\syscalls.o
 .debug_rnglists
                0x0000000000000760       0xaf system\src\stm32f4-hal\stm32f4xx_hal.o
 .debug_rnglists
                0x000000000000080f       0xda system\src\stm32f4-hal\stm32f4xx_hal_cortex.o
 .debug_rnglists
                0x00000000000008e9       0x3f system\src\stm32f4-hal\stm32f4xx_hal_gpio.o
 .debug_rnglists
                0x0000000000000928       0x75 system\src\stm32f4-hal\stm32f4xx_hal_rcc.o
 .debug_rnglists
                0x000000000000099d       0x9b c:/users/lenovo/appdata/roaming/xpacks/@xpack-dev-tools/arm-none-eabi-gcc/12.2.1-1.2.1/.content/bin/../lib/gcc/arm-none-eabi/12.2.1/thumb/v7e-m+fp/softfp\libgcc.a(_udivmoddi4.o)

.debug_macro    0x0000000000000000    0x29149
 .debug_macro   0x0000000000000000      0x189 FreeRTOS Source\list.o
 .debug_macro   0x0000000000000189      0x1ae FreeRTOS Source\portable\GCC\ARM_CM4F\port.o
 .debug_macro   0x0000000000000337      0x1b0 FreeRTOS Source\portable\MemMang\heap_4.o
 .debug_macro   0x00000000000004e7      0x20f FreeRTOS Source\queue.o
 .debug_macro   0x00000000000006f6       0x16 FreeRTOS Source\queue.o
 .debug_macro   0x000000000000070c       0x35 FreeRTOS Source\queue.o
 .debug_macro   0x0000000000000741       0x94 FreeRTOS Source\queue.o
 .debug_macro   0x00000000000007d5      0x272 FreeRTOS Source\tasks.o
 .debug_macro   0x0000000000000a47       0x10 FreeRTOS Source\tasks.o
 .debug_macro   0x0000000000000a57      0x1c6 FreeRTOS Source\timers.o
 .debug_macro   0x0000000000000c1d      0x507 src\initialize-hardware.o
 .debug_macro   0x0000000000001124       0x2e src\initialize-hardware.o
 .debug_macro   0x0000000000001152       0x2f src\initialize-hardware.o
 .debug_macro   0x0000000000001181       0x1c src\initialize-hardware.o
 .debug_macro   0x000000000000119d       0x22 src\initialize-hardware.o
 .debug_macro   0x00000000000011bf       0xd9 src\initialize-hardware.o
 .debug_macro   0x0000000000001298     0x102d src\initialize-hardware.o
 .debug_macro   0x00000000000022c5      0x11f src\initialize-hardware.o
 .debug_macro   0x00000000000023e4    0x15e3c src\initialize-hardware.o
 .debug_macro   0x0000000000018220       0x43 src\initialize-hardware.o
 .debug_macro   0x0000000000018263      0x3a2 src\initialize-hardware.o
 .debug_macro   0x0000000000018605     0x3659 src\initialize-hardware.o
 .debug_macro   0x000000000001bc5e       0x5a src\initialize-hardware.o
 .debug_macro   0x000000000001bcb8      0x96b src\initialize-hardware.o
 .debug_macro   0x000000000001c623      0x9fe src\initialize-hardware.o
 .debug_macro   0x000000000001d021      0x117 src\initialize-hardware.o
 .debug_macro   0x000000000001d138      0x13e src\initialize-hardware.o
 .debug_macro   0x000000000001d276       0x27 src\initialize-hardware.o
 .debug_macro   0x000000000001d29d      0x174 src\initialize-hardware.o
 .debug_macro   0x000000000001d411      0x287 src\initialize-hardware.o